Archive member included because of file (symbol)

c:/program files (x86)/gnu tools arm embedded/4.8 2013q4/bin/../lib/gcc/arm-none-eabi/4.8.3/armv6-m\libgcc.a(_udivsi3.o)
                              ./src/main.o (__aeabi_uidiv)
c:/program files (x86)/gnu tools arm embedded/4.8 2013q4/bin/../lib/gcc/arm-none-eabi/4.8.3/armv6-m\libgcc.a(_dvmd_tls.o)
                              c:/program files (x86)/gnu tools arm embedded/4.8 2013q4/bin/../lib/gcc/arm-none-eabi/4.8.3/armv6-m\libgcc.a(_udivsi3.o) (__aeabi_idiv0)
c:/program files (x86)/gnu tools arm embedded/4.8 2013q4/bin/../lib/gcc/arm-none-eabi/4.8.3/armv6-m\libgcc.a(_clzsi2.o)
                              ./emlib/src/em_cmu.o (__clzsi2)
c:/program files (x86)/gnu tools arm embedded/4.8 2013q4/bin/../lib/gcc/arm-none-eabi/4.8.3/armv6-m\libgcc.a(_aeabi_uldivmod.o)
                              ./emlib/src/em_usart.o (__aeabi_uldivmod)
c:/program files (x86)/gnu tools arm embedded/4.8 2013q4/bin/../lib/gcc/arm-none-eabi/4.8.3/armv6-m\libgcc.a(_muldi3.o)
                              ./emlib/src/em_usart.o (__aeabi_lmul)
c:/program files (x86)/gnu tools arm embedded/4.8 2013q4/bin/../lib/gcc/arm-none-eabi/4.8.3/armv6-m\libgcc.a(bpabi.o)
                              c:/program files (x86)/gnu tools arm embedded/4.8 2013q4/bin/../lib/gcc/arm-none-eabi/4.8.3/armv6-m\libgcc.a(_aeabi_uldivmod.o) (__gnu_uldivmod_helper)
c:/program files (x86)/gnu tools arm embedded/4.8 2013q4/bin/../lib/gcc/arm-none-eabi/4.8.3/armv6-m\libgcc.a(_divdi3.o)
                              c:/program files (x86)/gnu tools arm embedded/4.8 2013q4/bin/../lib/gcc/arm-none-eabi/4.8.3/armv6-m\libgcc.a(bpabi.o) (__divdi3)
c:/program files (x86)/gnu tools arm embedded/4.8 2013q4/bin/../lib/gcc/arm-none-eabi/4.8.3/armv6-m\libgcc.a(_udivdi3.o)
                              c:/program files (x86)/gnu tools arm embedded/4.8 2013q4/bin/../lib/gcc/arm-none-eabi/4.8.3/armv6-m\libgcc.a(bpabi.o) (__udivdi3)
c:/program files (x86)/gnu tools arm embedded/4.8 2013q4/bin/../lib/gcc/arm-none-eabi/4.8.3/../../../../arm-none-eabi/lib/armv6-m\libc_s.a(lib_a-exit.o)
                              c:/program files (x86)/gnu tools arm embedded/4.8 2013q4/bin/../lib/gcc/arm-none-eabi/4.8.3/../../../../arm-none-eabi/lib/armv6-m/crt0.o (exit)
c:/program files (x86)/gnu tools arm embedded/4.8 2013q4/bin/../lib/gcc/arm-none-eabi/4.8.3/../../../../arm-none-eabi/lib/armv6-m\libc_s.a(lib_a-impure.o)
                              c:/program files (x86)/gnu tools arm embedded/4.8 2013q4/bin/../lib/gcc/arm-none-eabi/4.8.3/../../../../arm-none-eabi/lib/armv6-m\libc_s.a(lib_a-exit.o) (_global_impure_ptr)
c:/program files (x86)/gnu tools arm embedded/4.8 2013q4/bin/../lib/gcc/arm-none-eabi/4.8.3/../../../../arm-none-eabi/lib/armv6-m\libc_s.a(lib_a-init.o)
                              c:/program files (x86)/gnu tools arm embedded/4.8 2013q4/bin/../lib/gcc/arm-none-eabi/4.8.3/../../../../arm-none-eabi/lib/armv6-m/crt0.o (__libc_init_array)
c:/program files (x86)/gnu tools arm embedded/4.8 2013q4/bin/../lib/gcc/arm-none-eabi/4.8.3/../../../../arm-none-eabi/lib/armv6-m\libc_s.a(lib_a-memset.o)
                              c:/program files (x86)/gnu tools arm embedded/4.8 2013q4/bin/../lib/gcc/arm-none-eabi/4.8.3/../../../../arm-none-eabi/lib/armv6-m/crt0.o (memset)
c:/program files (x86)/gnu tools arm embedded/4.8 2013q4/bin/../lib/gcc/arm-none-eabi/4.8.3/../../../../arm-none-eabi/lib/armv6-m\libnosys.a(_exit.o)
                              c:/program files (x86)/gnu tools arm embedded/4.8 2013q4/bin/../lib/gcc/arm-none-eabi/4.8.3/../../../../arm-none-eabi/lib/armv6-m\libc_s.a(lib_a-exit.o) (_exit)

Allocating common symbols
Common symbol       size              file

SystemCoreClock     0x4               ./CMSIS/efm32zg/system_efm32zg.o

Discarded input sections

 .text          0x00000000        0x0 c:/program files (x86)/gnu tools arm embedded/4.8 2013q4/bin/../lib/gcc/arm-none-eabi/4.8.3/armv6-m/crti.o
 .data          0x00000000        0x0 c:/program files (x86)/gnu tools arm embedded/4.8 2013q4/bin/../lib/gcc/arm-none-eabi/4.8.3/armv6-m/crti.o
 .bss           0x00000000        0x0 c:/program files (x86)/gnu tools arm embedded/4.8 2013q4/bin/../lib/gcc/arm-none-eabi/4.8.3/armv6-m/crti.o
 .data          0x00000000        0x4 c:/program files (x86)/gnu tools arm embedded/4.8 2013q4/bin/../lib/gcc/arm-none-eabi/4.8.3/armv6-m/crtbegin.o
 .data          0x00000000        0x0 c:/program files (x86)/gnu tools arm embedded/4.8 2013q4/bin/../lib/gcc/arm-none-eabi/4.8.3/../../../../arm-none-eabi/lib/armv6-m/crt0.o
 .bss           0x00000000        0x0 c:/program files (x86)/gnu tools arm embedded/4.8 2013q4/bin/../lib/gcc/arm-none-eabi/4.8.3/../../../../arm-none-eabi/lib/armv6-m/crt0.o
 .ARM.extab     0x00000000        0x0 c:/program files (x86)/gnu tools arm embedded/4.8 2013q4/bin/../lib/gcc/arm-none-eabi/4.8.3/../../../../arm-none-eabi/lib/armv6-m/crt0.o
 .text          0x00000000        0x0 ./src/InitDevice.o
 .data          0x00000000        0x0 ./src/InitDevice.o
 .bss           0x00000000        0x0 ./src/InitDevice.o
 .text.HFXO_enter_DefaultMode_from_RESET
                0x00000000        0x8 ./src/InitDevice.o
 .text.LFXO_enter_DefaultMode_from_RESET
                0x00000000        0x8 ./src/InitDevice.o
 .text.ADC0_enter_DefaultMode_from_RESET
                0x00000000        0x8 ./src/InitDevice.o
 .text.ACMP0_enter_DefaultMode_from_RESET
                0x00000000        0x8 ./src/InitDevice.o
 .text.IDAC0_enter_DefaultMode_from_RESET
                0x00000000        0x8 ./src/InitDevice.o
 .text.RTC_enter_DefaultMode_from_RESET
                0x00000000        0x8 ./src/InitDevice.o
 .text.LEUART0_enter_DefaultMode_from_RESET
                0x00000000        0x8 ./src/InitDevice.o
 .text.VCMP_enter_DefaultMode_from_RESET
                0x00000000        0x8 ./src/InitDevice.o
 .text.WDOG_enter_DefaultMode_from_RESET
                0x00000000        0x8 ./src/InitDevice.o
 .text.I2C0_enter_DefaultMode_from_RESET
                0x00000000        0x8 ./src/InitDevice.o
 .text.TIMER0_enter_DefaultMode_from_RESET
                0x00000000        0x8 ./src/InitDevice.o
 .text.TIMER1_enter_DefaultMode_from_RESET
                0x00000000        0x8 ./src/InitDevice.o
 .text.PCNT0_enter_DefaultMode_from_RESET
                0x00000000        0x8 ./src/InitDevice.o
 .text.PRS_enter_DefaultMode_from_RESET
                0x00000000        0x8 ./src/InitDevice.o
 .text          0x00000000        0x0 ./src/btns_api.o
 .data          0x00000000        0x0 ./src/btns_api.o
 .bss           0x00000000        0x0 ./src/btns_api.o
 .text          0x00000000        0x0 ./src/main.o
 .data          0x00000000        0x0 ./src/main.o
 .bss           0x00000000        0x0 ./src/main.o
 .text          0x00000000        0x0 ./src/nrf24_tx.o
 .data          0x00000000        0x0 ./src/nrf24_tx.o
 .bss           0x00000000        0x0 ./src/nrf24_tx.o
 .text.sNRF24tx_ReadReg
                0x00000000       0x60 ./src/nrf24_tx.o
 .text          0x00000000        0x0 ./emlib/src/em_cmu.o
 .data          0x00000000        0x0 ./emlib/src/em_cmu.o
 .bss           0x00000000        0x0 ./emlib/src/em_cmu.o
 .text.BUS_RegMaskedWrite
                0x00000000       0x24 ./emlib/src/em_cmu.o
 .text.CMU_DivToLog2
                0x00000000       0x34 ./emlib/src/em_cmu.o
 .text.CMU_Log2ToDiv
                0x00000000       0x1c ./emlib/src/em_cmu.o
 .text.CMU_AUXHFRCOBandGet
                0x00000000       0x1c ./emlib/src/em_cmu.o
 .text.CMU_AUXHFRCOBandSet
                0x00000000       0x90 ./emlib/src/em_cmu.o
 .rodata.CMU_AUXHFRCOBandSet
                0x00000000       0x20 ./emlib/src/em_cmu.o
 .text.CMU_Calibrate
                0x00000000       0x84 ./emlib/src/em_cmu.o
 .rodata.CMU_Calibrate
                0x00000000       0x14 ./emlib/src/em_cmu.o
 .text.CMU_CalibrateConfig
                0x00000000       0xc0 ./emlib/src/em_cmu.o
 .rodata.CMU_CalibrateConfig
                0x00000000       0x28 ./emlib/src/em_cmu.o
 .text.CMU_CalibrateCountGet
                0x00000000       0x3c ./emlib/src/em_cmu.o
 .text.CMU_ClockDivGet
                0x00000000       0xc8 ./emlib/src/em_cmu.o
 .text.CMU_ClockDivSet
                0x00000000      0x124 ./emlib/src/em_cmu.o
 .text.CMU_FreezeEnable
                0x00000000       0x38 ./emlib/src/em_cmu.o
 .text.CMU_HFRCOBandGet
                0x00000000       0x1c ./emlib/src/em_cmu.o
 .text.CMU_HFRCOBandSet
                0x00000000       0xc4 ./emlib/src/em_cmu.o
 .rodata.CMU_HFRCOBandSet
                0x00000000       0x14 ./emlib/src/em_cmu.o
 .text.CMU_HFRCOStartupDelayGet
                0x00000000       0x1c ./emlib/src/em_cmu.o
 .text.CMU_HFRCOStartupDelaySet
                0x00000000       0x30 ./emlib/src/em_cmu.o
 .text.CMU_HFXOInit
                0x00000000       0x5c ./emlib/src/em_cmu.o
 .text.CMU_LCDClkFDIVGet
                0x00000000        0xc ./emlib/src/em_cmu.o
 .text.CMU_LCDClkFDIVSet
                0x00000000       0x10 ./emlib/src/em_cmu.o
 .text.CMU_LFXOInit
                0x00000000       0x60 ./emlib/src/em_cmu.o
 .text.CMU_OscillatorTuningGet
                0x00000000       0x54 ./emlib/src/em_cmu.o
 .text.CMU_OscillatorTuningSet
                0x00000000       0x84 ./emlib/src/em_cmu.o
 .text.CMU_PCNTClockExternalGet
                0x00000000       0x34 ./emlib/src/em_cmu.o
 .text.CMU_PCNTClockExternalSet
                0x00000000       0x3c ./emlib/src/em_cmu.o
 .text          0x00000000        0x0 ./emlib/src/em_emu.o
 .data          0x00000000        0x0 ./emlib/src/em_emu.o
 .bss           0x00000000        0x0 ./emlib/src/em_emu.o
 .text.SystemCoreClockUpdate
                0x00000000        0xc ./emlib/src/em_emu.o
 .text.CMU_Lock
                0x00000000       0x14 ./emlib/src/em_emu.o
 .text.CMU_Unlock
                0x00000000       0x18 ./emlib/src/em_emu.o
 .text.emuRestore
                0x00000000       0xf4 ./emlib/src/em_emu.o
 .text.EMU_EnterEM2
                0x00000000       0x54 ./emlib/src/em_emu.o
 .text.EMU_EnterEM3
                0x00000000       0x74 ./emlib/src/em_emu.o
 .text.EMU_MemPwrDown
                0x00000000       0x10 ./emlib/src/em_emu.o
 .text.EMU_EM23Init
                0x00000000       0x30 ./emlib/src/em_emu.o
 .text          0x00000000        0x0 ./emlib/src/em_gpio.o
 .data          0x00000000        0x0 ./emlib/src/em_gpio.o
 .bss           0x00000000        0x0 ./emlib/src/em_gpio.o
 .text.GPIO_PinOutClear
                0x00000000       0x6c ./emlib/src/em_gpio.o
 .text.GPIO_PinOutSet
                0x00000000       0x6c ./emlib/src/em_gpio.o
 .text.GPIO_DbgLocationSet
                0x00000000       0x10 ./emlib/src/em_gpio.o
 .text.GPIO_DriveModeSet
                0x00000000       0x84 ./emlib/src/em_gpio.o
 .text.GPIO_PinModeSet
                0x00000000      0x160 ./emlib/src/em_gpio.o
 .text.GPIO_PinModeGet
                0x00000000       0xa8 ./emlib/src/em_gpio.o
 .text          0x00000000        0x0 ./emlib/src/em_int.o
 .data          0x00000000        0x0 ./emlib/src/em_int.o
 .bss           0x00000000        0x0 ./emlib/src/em_int.o
 .bss.INT_LockCnt
                0x00000000        0x4 ./emlib/src/em_int.o
 .debug_info    0x00000000       0xa4 ./emlib/src/em_int.o
 .debug_abbrev  0x00000000       0x44 ./emlib/src/em_int.o
 .debug_aranges
                0x00000000       0x18 ./emlib/src/em_int.o
 .debug_line    0x00000000       0x91 ./emlib/src/em_int.o
 .debug_str     0x00000000      0x1f8 ./emlib/src/em_int.o
 .comment       0x00000000       0x71 ./emlib/src/em_int.o
 .ARM.attributes
                0x00000000       0x32 ./emlib/src/em_int.o
 .text          0x00000000        0x0 ./emlib/src/em_system.o
 .data          0x00000000        0x0 ./emlib/src/em_system.o
 .bss           0x00000000        0x0 ./emlib/src/em_system.o
 .text.SYSTEM_ChipRevisionGet
                0x00000000       0x90 ./emlib/src/em_system.o
 .text.SYSTEM_GetCalibrationValue
                0x00000000       0x4c ./emlib/src/em_system.o
 .debug_info    0x00000000      0x243 ./emlib/src/em_system.o
 .debug_abbrev  0x00000000       0xde ./emlib/src/em_system.o
 .debug_loc     0x00000000       0x70 ./emlib/src/em_system.o
 .debug_aranges
                0x00000000       0x28 ./emlib/src/em_system.o
 .debug_ranges  0x00000000       0x18 ./emlib/src/em_system.o
 .debug_line    0x00000000      0x18c ./emlib/src/em_system.o
 .debug_str     0x00000000      0x2ca ./emlib/src/em_system.o
 .comment       0x00000000       0x71 ./emlib/src/em_system.o
 .ARM.attributes
                0x00000000       0x32 ./emlib/src/em_system.o
 .debug_frame   0x00000000       0x50 ./emlib/src/em_system.o
 .text          0x00000000        0x0 ./emlib/src/em_usart.o
 .data          0x00000000        0x0 ./emlib/src/em_usart.o
 .bss           0x00000000        0x0 ./emlib/src/em_usart.o
 .text.USART_BaudrateAsyncSet
                0x00000000       0xc8 ./emlib/src/em_usart.o
 .text.USART_BaudrateCalc
                0x00000000      0x108 ./emlib/src/em_usart.o
 .text.USART_BaudrateGet
                0x00000000       0x64 ./emlib/src/em_usart.o
 .text.USART_Enable
                0x00000000       0x34 ./emlib/src/em_usart.o
 .text.USART_InitAsync
                0x00000000       0x78 ./emlib/src/em_usart.o
 .text.USARTn_InitIrDA
                0x00000000       0x74 ./emlib/src/em_usart.o
 .text.USART_InitI2s
                0x00000000       0x8c ./emlib/src/em_usart.o
 .text.USART_Rx
                0x00000000       0x24 ./emlib/src/em_usart.o
 .text.USART_RxDouble
                0x00000000       0x24 ./emlib/src/em_usart.o
 .text.USART_RxDoubleExt
                0x00000000       0x24 ./emlib/src/em_usart.o
 .text.USART_RxExt
                0x00000000       0x24 ./emlib/src/em_usart.o
 .text.USART_Tx
                0x00000000       0x28 ./emlib/src/em_usart.o
 .text.USART_TxDouble
                0x00000000       0x28 ./emlib/src/em_usart.o
 .text.USART_TxDoubleExt
                0x00000000       0x24 ./emlib/src/em_usart.o
 .text.USART_TxExt
                0x00000000       0x28 ./emlib/src/em_usart.o
 .data          0x00000000        0x0 ./CMSIS/efm32zg/startup_gcc_efm32zg.o
 .bss           0x00000000        0x0 ./CMSIS/efm32zg/startup_gcc_efm32zg.o
 .text          0x00000000        0x0 ./CMSIS/efm32zg/system_efm32zg.o
 .data          0x00000000        0x0 ./CMSIS/efm32zg/system_efm32zg.o
 .bss           0x00000000        0x0 ./CMSIS/efm32zg/system_efm32zg.o
 .text.SystemHFXOClockGet
                0x00000000       0x14 ./CMSIS/efm32zg/system_efm32zg.o
 .text.SystemHFXOClockSet
                0x00000000       0x2c ./CMSIS/efm32zg/system_efm32zg.o
 .text.SystemLFXOClockSet
                0x00000000       0x2c ./CMSIS/efm32zg/system_efm32zg.o
 .data          0x00000000        0x0 c:/program files (x86)/gnu tools arm embedded/4.8 2013q4/bin/../lib/gcc/arm-none-eabi/4.8.3/armv6-m\libgcc.a(_udivsi3.o)
 .bss           0x00000000        0x0 c:/program files (x86)/gnu tools arm embedded/4.8 2013q4/bin/../lib/gcc/arm-none-eabi/4.8.3/armv6-m\libgcc.a(_udivsi3.o)
 .data          0x00000000        0x0 c:/program files (x86)/gnu tools arm embedded/4.8 2013q4/bin/../lib/gcc/arm-none-eabi/4.8.3/armv6-m\libgcc.a(_dvmd_tls.o)
 .bss           0x00000000        0x0 c:/program files (x86)/gnu tools arm embedded/4.8 2013q4/bin/../lib/gcc/arm-none-eabi/4.8.3/armv6-m\libgcc.a(_dvmd_tls.o)
 .text          0x00000000       0x3c c:/program files (x86)/gnu tools arm embedded/4.8 2013q4/bin/../lib/gcc/arm-none-eabi/4.8.3/armv6-m\libgcc.a(_clzsi2.o)
 .data          0x00000000        0x0 c:/program files (x86)/gnu tools arm embedded/4.8 2013q4/bin/../lib/gcc/arm-none-eabi/4.8.3/armv6-m\libgcc.a(_clzsi2.o)
 .bss           0x00000000        0x0 c:/program files (x86)/gnu tools arm embedded/4.8 2013q4/bin/../lib/gcc/arm-none-eabi/4.8.3/armv6-m\libgcc.a(_clzsi2.o)
 .ARM.attributes
                0x00000000       0x1e c:/program files (x86)/gnu tools arm embedded/4.8 2013q4/bin/../lib/gcc/arm-none-eabi/4.8.3/armv6-m\libgcc.a(_clzsi2.o)
 .text          0x00000000       0x40 c:/program files (x86)/gnu tools arm embedded/4.8 2013q4/bin/../lib/gcc/arm-none-eabi/4.8.3/armv6-m\libgcc.a(_aeabi_uldivmod.o)
 .data          0x00000000        0x0 c:/program files (x86)/gnu tools arm embedded/4.8 2013q4/bin/../lib/gcc/arm-none-eabi/4.8.3/armv6-m\libgcc.a(_aeabi_uldivmod.o)
 .bss           0x00000000        0x0 c:/program files (x86)/gnu tools arm embedded/4.8 2013q4/bin/../lib/gcc/arm-none-eabi/4.8.3/armv6-m\libgcc.a(_aeabi_uldivmod.o)
 .ARM.attributes
                0x00000000       0x1e c:/program files (x86)/gnu tools arm embedded/4.8 2013q4/bin/../lib/gcc/arm-none-eabi/4.8.3/armv6-m\libgcc.a(_aeabi_uldivmod.o)
 .text          0x00000000       0x44 c:/program files (x86)/gnu tools arm embedded/4.8 2013q4/bin/../lib/gcc/arm-none-eabi/4.8.3/armv6-m\libgcc.a(_muldi3.o)
 .data          0x00000000        0x0 c:/program files (x86)/gnu tools arm embedded/4.8 2013q4/bin/../lib/gcc/arm-none-eabi/4.8.3/armv6-m\libgcc.a(_muldi3.o)
 .bss           0x00000000        0x0 c:/program files (x86)/gnu tools arm embedded/4.8 2013q4/bin/../lib/gcc/arm-none-eabi/4.8.3/armv6-m\libgcc.a(_muldi3.o)
 .ARM.attributes
                0x00000000       0x2c c:/program files (x86)/gnu tools arm embedded/4.8 2013q4/bin/../lib/gcc/arm-none-eabi/4.8.3/armv6-m\libgcc.a(_muldi3.o)
 .debug_frame   0x00000000       0x30 c:/program files (x86)/gnu tools arm embedded/4.8 2013q4/bin/../lib/gcc/arm-none-eabi/4.8.3/armv6-m\libgcc.a(_muldi3.o)
 .text          0x00000000       0x6c c:/program files (x86)/gnu tools arm embedded/4.8 2013q4/bin/../lib/gcc/arm-none-eabi/4.8.3/armv6-m\libgcc.a(bpabi.o)
 .data          0x00000000        0x0 c:/program files (x86)/gnu tools arm embedded/4.8 2013q4/bin/../lib/gcc/arm-none-eabi/4.8.3/armv6-m\libgcc.a(bpabi.o)
 .bss           0x00000000        0x0 c:/program files (x86)/gnu tools arm embedded/4.8 2013q4/bin/../lib/gcc/arm-none-eabi/4.8.3/armv6-m\libgcc.a(bpabi.o)
 .ARM.attributes
                0x00000000       0x2c c:/program files (x86)/gnu tools arm embedded/4.8 2013q4/bin/../lib/gcc/arm-none-eabi/4.8.3/armv6-m\libgcc.a(bpabi.o)
 .debug_frame   0x00000000       0x50 c:/program files (x86)/gnu tools arm embedded/4.8 2013q4/bin/../lib/gcc/arm-none-eabi/4.8.3/armv6-m\libgcc.a(bpabi.o)
 .text          0x00000000      0x3b0 c:/program files (x86)/gnu tools arm embedded/4.8 2013q4/bin/../lib/gcc/arm-none-eabi/4.8.3/armv6-m\libgcc.a(_divdi3.o)
 .data          0x00000000        0x0 c:/program files (x86)/gnu tools arm embedded/4.8 2013q4/bin/../lib/gcc/arm-none-eabi/4.8.3/armv6-m\libgcc.a(_divdi3.o)
 .bss           0x00000000        0x0 c:/program files (x86)/gnu tools arm embedded/4.8 2013q4/bin/../lib/gcc/arm-none-eabi/4.8.3/armv6-m\libgcc.a(_divdi3.o)
 .ARM.extab     0x00000000        0x0 c:/program files (x86)/gnu tools arm embedded/4.8 2013q4/bin/../lib/gcc/arm-none-eabi/4.8.3/armv6-m\libgcc.a(_divdi3.o)
 .ARM.exidx     0x00000000        0x8 c:/program files (x86)/gnu tools arm embedded/4.8 2013q4/bin/../lib/gcc/arm-none-eabi/4.8.3/armv6-m\libgcc.a(_divdi3.o)
 .ARM.attributes
                0x00000000       0x2c c:/program files (x86)/gnu tools arm embedded/4.8 2013q4/bin/../lib/gcc/arm-none-eabi/4.8.3/armv6-m\libgcc.a(_divdi3.o)
 .debug_frame   0x00000000       0x3c c:/program files (x86)/gnu tools arm embedded/4.8 2013q4/bin/../lib/gcc/arm-none-eabi/4.8.3/armv6-m\libgcc.a(_divdi3.o)
 .text          0x00000000      0x380 c:/program files (x86)/gnu tools arm embedded/4.8 2013q4/bin/../lib/gcc/arm-none-eabi/4.8.3/armv6-m\libgcc.a(_udivdi3.o)
 .data          0x00000000        0x0 c:/program files (x86)/gnu tools arm embedded/4.8 2013q4/bin/../lib/gcc/arm-none-eabi/4.8.3/armv6-m\libgcc.a(_udivdi3.o)
 .bss           0x00000000        0x0 c:/program files (x86)/gnu tools arm embedded/4.8 2013q4/bin/../lib/gcc/arm-none-eabi/4.8.3/armv6-m\libgcc.a(_udivdi3.o)
 .ARM.extab     0x00000000        0x0 c:/program files (x86)/gnu tools arm embedded/4.8 2013q4/bin/../lib/gcc/arm-none-eabi/4.8.3/armv6-m\libgcc.a(_udivdi3.o)
 .ARM.exidx     0x00000000        0x8 c:/program files (x86)/gnu tools arm embedded/4.8 2013q4/bin/../lib/gcc/arm-none-eabi/4.8.3/armv6-m\libgcc.a(_udivdi3.o)
 .ARM.attributes
                0x00000000       0x2c c:/program files (x86)/gnu tools arm embedded/4.8 2013q4/bin/../lib/gcc/arm-none-eabi/4.8.3/armv6-m\libgcc.a(_udivdi3.o)
 .debug_frame   0x00000000       0x3c c:/program files (x86)/gnu tools arm embedded/4.8 2013q4/bin/../lib/gcc/arm-none-eabi/4.8.3/armv6-m\libgcc.a(_udivdi3.o)
 .text          0x00000000        0x0 c:/program files (x86)/gnu tools arm embedded/4.8 2013q4/bin/../lib/gcc/arm-none-eabi/4.8.3/../../../../arm-none-eabi/lib/armv6-m\libc_s.a(lib_a-exit.o)
 .data          0x00000000        0x0 c:/program files (x86)/gnu tools arm embedded/4.8 2013q4/bin/../lib/gcc/arm-none-eabi/4.8.3/../../../../arm-none-eabi/lib/armv6-m\libc_s.a(lib_a-exit.o)
 .bss           0x00000000        0x0 c:/program files (x86)/gnu tools arm embedded/4.8 2013q4/bin/../lib/gcc/arm-none-eabi/4.8.3/../../../../arm-none-eabi/lib/armv6-m\libc_s.a(lib_a-exit.o)
 .text          0x00000000        0x0 c:/program files (x86)/gnu tools arm embedded/4.8 2013q4/bin/../lib/gcc/arm-none-eabi/4.8.3/../../../../arm-none-eabi/lib/armv6-m\libc_s.a(lib_a-impure.o)
 .data          0x00000000        0x0 c:/program files (x86)/gnu tools arm embedded/4.8 2013q4/bin/../lib/gcc/arm-none-eabi/4.8.3/../../../../arm-none-eabi/lib/armv6-m\libc_s.a(lib_a-impure.o)
 .bss           0x00000000        0x0 c:/program files (x86)/gnu tools arm embedded/4.8 2013q4/bin/../lib/gcc/arm-none-eabi/4.8.3/../../../../arm-none-eabi/lib/armv6-m\libc_s.a(lib_a-impure.o)
 .data._impure_ptr
                0x00000000        0x4 c:/program files (x86)/gnu tools arm embedded/4.8 2013q4/bin/../lib/gcc/arm-none-eabi/4.8.3/../../../../arm-none-eabi/lib/armv6-m\libc_s.a(lib_a-impure.o)
 .text          0x00000000        0x0 c:/program files (x86)/gnu tools arm embedded/4.8 2013q4/bin/../lib/gcc/arm-none-eabi/4.8.3/../../../../arm-none-eabi/lib/armv6-m\libc_s.a(lib_a-init.o)
 .data          0x00000000        0x0 c:/program files (x86)/gnu tools arm embedded/4.8 2013q4/bin/../lib/gcc/arm-none-eabi/4.8.3/../../../../arm-none-eabi/lib/armv6-m\libc_s.a(lib_a-init.o)
 .bss           0x00000000        0x0 c:/program files (x86)/gnu tools arm embedded/4.8 2013q4/bin/../lib/gcc/arm-none-eabi/4.8.3/../../../../arm-none-eabi/lib/armv6-m\libc_s.a(lib_a-init.o)
 .text          0x00000000        0x0 c:/program files (x86)/gnu tools arm embedded/4.8 2013q4/bin/../lib/gcc/arm-none-eabi/4.8.3/../../../../arm-none-eabi/lib/armv6-m\libc_s.a(lib_a-memset.o)
 .data          0x00000000        0x0 c:/program files (x86)/gnu tools arm embedded/4.8 2013q4/bin/../lib/gcc/arm-none-eabi/4.8.3/../../../../arm-none-eabi/lib/armv6-m\libc_s.a(lib_a-memset.o)
 .bss           0x00000000        0x0 c:/program files (x86)/gnu tools arm embedded/4.8 2013q4/bin/../lib/gcc/arm-none-eabi/4.8.3/../../../../arm-none-eabi/lib/armv6-m\libc_s.a(lib_a-memset.o)
 .text          0x00000000        0x0 c:/program files (x86)/gnu tools arm embedded/4.8 2013q4/bin/../lib/gcc/arm-none-eabi/4.8.3/../../../../arm-none-eabi/lib/armv6-m\libnosys.a(_exit.o)
 .data          0x00000000        0x0 c:/program files (x86)/gnu tools arm embedded/4.8 2013q4/bin/../lib/gcc/arm-none-eabi/4.8.3/../../../../arm-none-eabi/lib/armv6-m\libnosys.a(_exit.o)
 .bss           0x00000000        0x0 c:/program files (x86)/gnu tools arm embedded/4.8 2013q4/bin/../lib/gcc/arm-none-eabi/4.8.3/../../../../arm-none-eabi/lib/armv6-m\libnosys.a(_exit.o)
 .text          0x00000000        0x0 c:/program files (x86)/gnu tools arm embedded/4.8 2013q4/bin/../lib/gcc/arm-none-eabi/4.8.3/armv6-m/crtend.o
 .data          0x00000000        0x0 c:/program files (x86)/gnu tools arm embedded/4.8 2013q4/bin/../lib/gcc/arm-none-eabi/4.8.3/armv6-m/crtend.o
 .bss           0x00000000        0x0 c:/program files (x86)/gnu tools arm embedded/4.8 2013q4/bin/../lib/gcc/arm-none-eabi/4.8.3/armv6-m/crtend.o
 .text          0x00000000        0x0 c:/program files (x86)/gnu tools arm embedded/4.8 2013q4/bin/../lib/gcc/arm-none-eabi/4.8.3/armv6-m/crtn.o
 .data          0x00000000        0x0 c:/program files (x86)/gnu tools arm embedded/4.8 2013q4/bin/../lib/gcc/arm-none-eabi/4.8.3/armv6-m/crtn.o
 .bss           0x00000000        0x0 c:/program files (x86)/gnu tools arm embedded/4.8 2013q4/bin/../lib/gcc/arm-none-eabi/4.8.3/armv6-m/crtn.o

Memory Configuration

Name             Origin             Length             Attributes
FLASH            0x00000000         0x00008000         xr
RAM              0x20000000         0x00001000         xrw
*default*        0x00000000         0xffffffff

Linker script and memory map

LOAD c:/program files (x86)/gnu tools arm embedded/4.8 2013q4/bin/../lib/gcc/arm-none-eabi/4.8.3/armv6-m/crti.o
LOAD c:/program files (x86)/gnu tools arm embedded/4.8 2013q4/bin/../lib/gcc/arm-none-eabi/4.8.3/armv6-m/crtbegin.o
LOAD c:/program files (x86)/gnu tools arm embedded/4.8 2013q4/bin/../lib/gcc/arm-none-eabi/4.8.3/../../../../arm-none-eabi/lib/armv6-m/crt0.o
LOAD ./src/InitDevice.o
LOAD ./src/btns_api.o
LOAD ./src/main.o
LOAD ./src/nrf24_tx.o
LOAD ./emlib/src/em_cmu.o
LOAD ./emlib/src/em_emu.o
LOAD ./emlib/src/em_gpio.o
LOAD ./emlib/src/em_int.o
LOAD ./emlib/src/em_system.o
LOAD ./emlib/src/em_usart.o
LOAD ./CMSIS/efm32zg/startup_gcc_efm32zg.o
LOAD ./CMSIS/efm32zg/system_efm32zg.o
START GROUP
LOAD c:/program files (x86)/gnu tools arm embedded/4.8 2013q4/bin/../lib/gcc/arm-none-eabi/4.8.3/armv6-m\libgcc.a
LOAD c:/program files (x86)/gnu tools arm embedded/4.8 2013q4/bin/../lib/gcc/arm-none-eabi/4.8.3/../../../../arm-none-eabi/lib/armv6-m\libc_s.a
LOAD c:/program files (x86)/gnu tools arm embedded/4.8 2013q4/bin/../lib/gcc/arm-none-eabi/4.8.3/../../../../arm-none-eabi/lib/armv6-m\libnosys.a
END GROUP
START GROUP
LOAD c:/program files (x86)/gnu tools arm embedded/4.8 2013q4/bin/../lib/gcc/arm-none-eabi/4.8.3/armv6-m\libgcc.a
LOAD c:/program files (x86)/gnu tools arm embedded/4.8 2013q4/bin/../lib/gcc/arm-none-eabi/4.8.3/../../../../arm-none-eabi/lib/armv6-m\libg_s.a
LOAD c:/program files (x86)/gnu tools arm embedded/4.8 2013q4/bin/../lib/gcc/arm-none-eabi/4.8.3/../../../../arm-none-eabi/lib/armv6-m\libc_s.a
END GROUP
START GROUP
LOAD c:/program files (x86)/gnu tools arm embedded/4.8 2013q4/bin/../lib/gcc/arm-none-eabi/4.8.3/armv6-m\libgcc.a
LOAD c:/program files (x86)/gnu tools arm embedded/4.8 2013q4/bin/../lib/gcc/arm-none-eabi/4.8.3/../../../../arm-none-eabi/lib/armv6-m\libc_s.a
END GROUP
LOAD c:/program files (x86)/gnu tools arm embedded/4.8 2013q4/bin/../lib/gcc/arm-none-eabi/4.8.3/armv6-m/crtend.o
LOAD c:/program files (x86)/gnu tools arm embedded/4.8 2013q4/bin/../lib/gcc/arm-none-eabi/4.8.3/armv6-m/crtn.o

.text           0x00000000     0x1d88
 *(.vectors)
 .vectors       0x00000000       0x8c ./CMSIS/efm32zg/startup_gcc_efm32zg.o
                0x00000000                __Vectors
                0x0000008c                __Vectors_End = .
                0x0000008c                __Vectors_Size = (__Vectors_End - __Vectors)
                0x0000008c                __end__ = .
 *(.text*)
 .text          0x0000008c       0x60 c:/program files (x86)/gnu tools arm embedded/4.8 2013q4/bin/../lib/gcc/arm-none-eabi/4.8.3/armv6-m/crtbegin.o
 .text          0x000000ec       0x78 c:/program files (x86)/gnu tools arm embedded/4.8 2013q4/bin/../lib/gcc/arm-none-eabi/4.8.3/../../../../arm-none-eabi/lib/armv6-m/crt0.o
                0x000000ec                _start
                0x000000ec                _mainCRTStartup
 .text.enter_DefaultMode_from_RESET
                0x00000164       0x14 ./src/InitDevice.o
                0x00000164                enter_DefaultMode_from_RESET
 .text.CMU_enter_DefaultMode_from_RESET
                0x00000178       0x3c ./src/InitDevice.o
                0x00000178                CMU_enter_DefaultMode_from_RESET
 .text.USART1_enter_DefaultMode_from_RESET
                0x000001b4       0xa8 ./src/InitDevice.o
                0x000001b4                USART1_enter_DefaultMode_from_RESET
 .text.PORTIO_enter_DefaultMode_from_RESET
                0x0000025c      0x17c ./src/InitDevice.o
                0x0000025c                PORTIO_enter_DefaultMode_from_RESET
 .text.NVIC_DisableIRQ
                0x000003d8       0x2c ./src/btns_api.o
 .text.GPIO_EM4GetPinWakeupCause
                0x00000404       0x1c ./src/btns_api.o
 .text.GPIO_PinOutClear
                0x00000420       0x6c ./src/btns_api.o
 .text.BTNs_WakeupInit
                0x0000048c       0x10 ./src/btns_api.o
 .text.BTNs_GoToDeepSleep
                0x0000049c       0x30 ./src/btns_api.o
                0x0000049c                BTNs_GoToDeepSleep
 .text.BTNs_CheckWakeUpButton
                0x000004cc       0x10 ./src/btns_api.o
                0x000004cc                BTNs_CheckWakeUpButton
 .text.NVIC_SetPriority
                0x000004dc       0xe0 ./src/main.o
 .text.SysTick_Config
                0x000005bc       0x48 ./src/main.o
 .text.BUS_RegBitRead
                0x00000604       0x20 ./src/main.o
 .text.GPIO_PinInGet
                0x00000624       0x6c ./src/main.o
 .text.GPIO_PinOutClear
                0x00000690       0x6c ./src/main.o
 .text.GPIO_PinOutToggle
                0x000006fc       0x6c ./src/main.o
 .text.CHIP_Init
                0x00000768        0x8 ./src/main.o
 .text.main     0x00000770       0xd4 ./src/main.o
                0x00000770                main
 .text.SysTick_Handler
                0x00000844       0x58 ./src/main.o
                0x00000844                SysTick_Handler
 .text.NVIC_EnableIRQ
                0x0000089c       0x2c ./src/nrf24_tx.o
 .text.NVIC_ClearPendingIRQ
                0x000008c8       0x2c ./src/nrf24_tx.o
 .text.GPIO_IntClear
                0x000008f4       0x1c ./src/nrf24_tx.o
 .text.GPIO_IntGet
                0x00000910       0x18 ./src/nrf24_tx.o
 .text.GPIO_PinOutClear
                0x00000928       0x6c ./src/nrf24_tx.o
 .text.GPIO_PinOutSet
                0x00000994       0x6c ./src/nrf24_tx.o
 .text.GPIO_IntConfig
                0x00000a00       0x3c ./src/nrf24_tx.o
 .text.NRF24tx_Init
                0x00000a3c       0x98 ./src/nrf24_tx.o
                0x00000a3c                NRF24tx_Init
 .text.NRF24tx_Send
                0x00000ad4       0x8c ./src/nrf24_tx.o
                0x00000ad4                NRF24tx_Send
 .text.NRF24tx_IsTxEnd
                0x00000b60       0x28 ./src/nrf24_tx.o
                0x00000b60                NRF24tx_IsTxEnd
 .text.NRF24tx_PwrDown
                0x00000b88       0x1c ./src/nrf24_tx.o
                0x00000b88                NRF24tx_PwrDown
 .text.sNRF24tx_Flush
                0x00000ba4       0x28 ./src/nrf24_tx.o
 .text.sNRF24tx_WriteReg
                0x00000bcc       0x54 ./src/nrf24_tx.o
 .text.sNRF24tx_WritePayload
                0x00000c20       0x64 ./src/nrf24_tx.o
 .text.sNRF24tx_EnableTx
                0x00000c84       0x10 ./src/nrf24_tx.o
 .text.GPIO_ODD_IRQHandler
                0x00000c94       0x38 ./src/nrf24_tx.o
                0x00000c94                GPIO_ODD_IRQHandler
 .text.BUS_RegBitWrite
                0x00000ccc       0x3c ./emlib/src/em_cmu.o
 .text.BUS_RegBitRead
                0x00000d08       0x20 ./emlib/src/em_cmu.o
 .text.SYSTEM_GetProdRev
                0x00000d28       0x18 ./emlib/src/em_cmu.o
 .text.auxClkGet
                0x00000d40       0xb0 ./emlib/src/em_cmu.o
 .text.dbgClkGet
                0x00000df0       0x48 ./emlib/src/em_cmu.o
 .text.flashWaitStateControl
                0x00000e38       0x7c ./emlib/src/em_cmu.o
 .text.flashWaitStateMax
                0x00000eb4       0x14 ./emlib/src/em_cmu.o
 .text.lfClkGet
                0x00000ec8       0xe0 ./emlib/src/em_cmu.o
 .text.syncReg  0x00000fa8       0x2c ./emlib/src/em_cmu.o
 .text.CMU_ClockEnable
                0x00000fd4       0xa4 ./emlib/src/em_cmu.o
                0x00000fd4                CMU_ClockEnable
 .text.CMU_ClockFreqGet
                0x00001078      0x138 ./emlib/src/em_cmu.o
                0x00001078                CMU_ClockFreqGet
 .text.CMU_ClockSelectGet
                0x000011b0      0x140 ./emlib/src/em_cmu.o
                0x000011b0                CMU_ClockSelectGet
 .text.CMU_ClockSelectSet
                0x000012f0      0x168 ./emlib/src/em_cmu.o
                0x000012f0                CMU_ClockSelectSet
 .text.CMU_OscillatorEnable
                0x00001458       0xbc ./emlib/src/em_cmu.o
                0x00001458                CMU_OscillatorEnable
 .text.EMU_Unlock
                0x00001514       0x18 ./emlib/src/em_emu.o
 .text.EMU_EnterEM4
                0x0000152c       0x50 ./emlib/src/em_emu.o
                0x0000152c                EMU_EnterEM4
 .text.EMU_UpdateOscConfig
                0x0000157c       0x18 ./emlib/src/em_emu.o
                0x0000157c                EMU_UpdateOscConfig
 .text.BUS_RegBitWrite
                0x00001594       0x3c ./emlib/src/em_gpio.o
 .text.BUS_RegMaskedWrite
                0x000015d0       0x24 ./emlib/src/em_gpio.o
 .text.GPIO_EM4SetPinRetention
                0x000015f4       0x4c ./emlib/src/em_gpio.o
 .text.GPIO_ExtIntConfig
                0x00001640      0x10c ./emlib/src/em_gpio.o
                0x00001640                GPIO_ExtIntConfig
 .text.GPIO_EM4EnablePinWakeup
                0x0000174c       0x68 ./emlib/src/em_gpio.o
                0x0000174c                GPIO_EM4EnablePinWakeup
 .text.BUS_RegMaskedWrite
                0x000017b4       0x24 ./emlib/src/em_usart.o
 .text.USART_BaudrateSyncSet
                0x000017d8       0x80 ./emlib/src/em_usart.o
                0x000017d8                USART_BaudrateSyncSet
 .text.USART_InitSync
                0x00001858       0xac ./emlib/src/em_usart.o
                0x00001858                USART_InitSync
 .text.USART_InitPrsTrigger
                0x00001904       0x5c ./emlib/src/em_usart.o
                0x00001904                USART_InitPrsTrigger
 .text.USART_Reset
                0x00001960       0x70 ./emlib/src/em_usart.o
                0x00001960                USART_Reset
 .text.USART_SpiTransfer
                0x000019d0       0x3c ./emlib/src/em_usart.o
                0x000019d0                USART_SpiTransfer
 .text          0x00001a0c       0x30 ./CMSIS/efm32zg/startup_gcc_efm32zg.o
                0x00001a0c                Reset_Handler
                0x00001a38                HardFault_Handler
                0x00001a38                USART1_RX_IRQHandler
                0x00001a38                PendSV_Handler
                0x00001a38                NMI_Handler
                0x00001a38                USART1_TX_IRQHandler
                0x00001a38                MSC_IRQHandler
                0x00001a38                ADC0_IRQHandler
                0x00001a38                LEUART0_IRQHandler
                0x00001a38                GPIO_EVEN_IRQHandler
                0x00001a38                RTC_IRQHandler
                0x00001a38                TIMER0_IRQHandler
                0x00001a38                I2C0_IRQHandler
                0x00001a38                TIMER1_IRQHandler
                0x00001a38                Default_Handler
                0x00001a38                PCNT0_IRQHandler
                0x00001a38                ACMP0_IRQHandler
                0x00001a38                SVC_Handler
                0x00001a38                CMU_IRQHandler
                0x00001a38                AES_IRQHandler
                0x00001a38                VCMP_IRQHandler
                0x00001a38                DMA_IRQHandler
 .text.SystemCoreClockGet
                0x00001a3c       0x3c ./CMSIS/efm32zg/system_efm32zg.o
                0x00001a3c                SystemCoreClockGet
 .text.SystemMaxCoreClockGet
                0x00001a78       0x10 ./CMSIS/efm32zg/system_efm32zg.o
                0x00001a78                SystemMaxCoreClockGet
 .text.SystemHFClockGet
                0x00001a88       0xcc ./CMSIS/efm32zg/system_efm32zg.o
                0x00001a88                SystemHFClockGet
 .text.SystemInit
                0x00001b54        0x8 ./CMSIS/efm32zg/system_efm32zg.o
                0x00001b54                SystemInit
 .text.SystemLFRCOClockGet
                0x00001b5c       0x10 ./CMSIS/efm32zg/system_efm32zg.o
                0x00001b5c                SystemLFRCOClockGet
 .text.SystemULFRCOClockGet
                0x00001b6c       0x10 ./CMSIS/efm32zg/system_efm32zg.o
                0x00001b6c                SystemULFRCOClockGet
 .text.SystemLFXOClockGet
                0x00001b7c       0x14 ./CMSIS/efm32zg/system_efm32zg.o
                0x00001b7c                SystemLFXOClockGet
 .text          0x00001b90       0x9c c:/program files (x86)/gnu tools arm embedded/4.8 2013q4/bin/../lib/gcc/arm-none-eabi/4.8.3/armv6-m\libgcc.a(_udivsi3.o)
                0x00001b90                __aeabi_uidiv
                0x00001b90                __udivsi3
                0x00001c18                __aeabi_uidivmod
 .text          0x00001c2c        0x4 c:/program files (x86)/gnu tools arm embedded/4.8 2013q4/bin/../lib/gcc/arm-none-eabi/4.8.3/armv6-m\libgcc.a(_dvmd_tls.o)
                0x00001c2c                __aeabi_idiv0
                0x00001c2c                __aeabi_ldiv0
 .text.exit     0x00001c30       0x2c c:/program files (x86)/gnu tools arm embedded/4.8 2013q4/bin/../lib/gcc/arm-none-eabi/4.8.3/../../../../arm-none-eabi/lib/armv6-m\libc_s.a(lib_a-exit.o)
                0x00001c30                exit
 .text.__libc_init_array
                0x00001c5c       0x4c c:/program files (x86)/gnu tools arm embedded/4.8 2013q4/bin/../lib/gcc/arm-none-eabi/4.8.3/../../../../arm-none-eabi/lib/armv6-m\libc_s.a(lib_a-init.o)
                0x00001c5c                __libc_init_array
 .text.memset   0x00001ca8       0x10 c:/program files (x86)/gnu tools arm embedded/4.8 2013q4/bin/../lib/gcc/arm-none-eabi/4.8.3/../../../../arm-none-eabi/lib/armv6-m\libc_s.a(lib_a-memset.o)
                0x00001ca8                memset
 .text._exit    0x00001cb8        0x4 c:/program files (x86)/gnu tools arm embedded/4.8 2013q4/bin/../lib/gcc/arm-none-eabi/4.8.3/../../../../arm-none-eabi/lib/armv6-m\libnosys.a(_exit.o)
                0x00001cb8                _exit
 *(.init)
 .init          0x00001cbc        0x4 c:/program files (x86)/gnu tools arm embedded/4.8 2013q4/bin/../lib/gcc/arm-none-eabi/4.8.3/armv6-m/crti.o
                0x00001cbc                _init
 .init          0x00001cc0        0x8 c:/program files (x86)/gnu tools arm embedded/4.8 2013q4/bin/../lib/gcc/arm-none-eabi/4.8.3/armv6-m/crtn.o
 *(.fini)
 .fini          0x00001cc8        0x4 c:/program files (x86)/gnu tools arm embedded/4.8 2013q4/bin/../lib/gcc/arm-none-eabi/4.8.3/armv6-m/crti.o
                0x00001cc8                _fini
 .fini          0x00001ccc        0x8 c:/program files (x86)/gnu tools arm embedded/4.8 2013q4/bin/../lib/gcc/arm-none-eabi/4.8.3/armv6-m/crtn.o
 *crtbegin.o(.ctors)
 *crtbegin?.o(.ctors)
 *(EXCLUDE_FILE(*crtend.o *crtend?.o) .ctors)
 *(SORT(.ctors.*))
 *(.ctors)
 *crtbegin.o(.dtors)
 *crtbegin?.o(.dtors)
 *(EXCLUDE_FILE(*crtend.o *crtend?.o) .dtors)
 *(SORT(.dtors.*))
 *(.dtors)
 *(.rodata*)
 .rodata        0x00001cd4       0x18 ./src/InitDevice.o
 .rodata.CMU_ClockEnable
                0x00001cec       0x2c ./emlib/src/em_cmu.o
 .rodata.CMU_ClockSelectSet
                0x00001d18       0x50 ./emlib/src/em_cmu.o
 .rodata.CMU_OscillatorEnable
                0x00001d68       0x14 ./emlib/src/em_cmu.o
 .rodata.str1.1
                0x00001d7c        0x2 c:/program files (x86)/gnu tools arm embedded/4.8 2013q4/bin/../lib/gcc/arm-none-eabi/4.8.3/../../../../arm-none-eabi/lib/armv6-m\libc_s.a(lib_a-impure.o)
 *fill*         0x00001d7e        0x2 
 .rodata._global_impure_ptr
                0x00001d80        0x4 c:/program files (x86)/gnu tools arm embedded/4.8 2013q4/bin/../lib/gcc/arm-none-eabi/4.8.3/../../../../arm-none-eabi/lib/armv6-m\libc_s.a(lib_a-impure.o)
                0x00001d80                _global_impure_ptr
 *(.eh_frame*)
 .eh_frame      0x00001d84        0x0 c:/program files (x86)/gnu tools arm embedded/4.8 2013q4/bin/../lib/gcc/arm-none-eabi/4.8.3/armv6-m/crtbegin.o
 .eh_frame      0x00001d84        0x4 c:/program files (x86)/gnu tools arm embedded/4.8 2013q4/bin/../lib/gcc/arm-none-eabi/4.8.3/armv6-m/crtend.o

.glue_7         0x00001d88        0x0
 .glue_7        0x00000000        0x0 linker stubs

.glue_7t        0x00001d88        0x0
 .glue_7t       0x00000000        0x0 linker stubs

.vfp11_veneer   0x00001d88        0x0
 .vfp11_veneer  0x00000000        0x0 linker stubs

.v4_bx          0x00001d88        0x0
 .v4_bx         0x00000000        0x0 linker stubs

.iplt           0x00001d88        0x0
 .iplt          0x00000000        0x0 c:/program files (x86)/gnu tools arm embedded/4.8 2013q4/bin/../lib/gcc/arm-none-eabi/4.8.3/armv6-m/crtbegin.o

.ARM.extab
 *(.ARM.extab* .gnu.linkonce.armextab.*)
                0x00001d88                __exidx_start = .

.ARM.exidx      0x00001d88        0x8
 *(.ARM.exidx* .gnu.linkonce.armexidx.*)
 .ARM.exidx     0x00001d88        0x8 c:/program files (x86)/gnu tools arm embedded/4.8 2013q4/bin/../lib/gcc/arm-none-eabi/4.8.3/../../../../arm-none-eabi/lib/armv6-m/crt0.o
                0x00001d90                __exidx_end = .
                0x00001d90                __etext = .

.rel.dyn        0x00001d90        0x0
 .rel.iplt      0x00000000        0x0 c:/program files (x86)/gnu tools arm embedded/4.8 2013q4/bin/../lib/gcc/arm-none-eabi/4.8.3/armv6-m/crtbegin.o

.data           0x20000000       0x94 load address 0x00001d90
                0x20000000                __data_start__ = .
 *(vtable)
 *(.data*)
 .data.LedColor
                0x20000000        0x4 ./src/main.o
 .data.i.7502   0x20000004        0x4 ./src/main.o
 .data.NRF_OpenPacket
                0x20000008        0xc ./src/nrf24_tx.o
 .data.NRF_ClosePacket
                0x20000014        0xc ./src/nrf24_tx.o
 .data.SystemHFXOClock
                0x20000020        0x4 ./CMSIS/efm32zg/system_efm32zg.o
 .data.SystemLFXOClock
                0x20000024        0x4 ./CMSIS/efm32zg/system_efm32zg.o
 .data.impure_data
                0x20000028       0x60 c:/program files (x86)/gnu tools arm embedded/4.8 2013q4/bin/../lib/gcc/arm-none-eabi/4.8.3/../../../../arm-none-eabi/lib/armv6-m\libc_s.a(lib_a-impure.o)
                0x20000088                . = ALIGN (0x4)
 *(.ram)
                0x20000088                . = ALIGN (0x4)
                0x20000088                PROVIDE (__preinit_array_start, .)
 *(.preinit_array)
                0x20000088                PROVIDE (__preinit_array_end, .)
                0x20000088                . = ALIGN (0x4)
                0x20000088                PROVIDE (__init_array_start, .)
 *(SORT(.init_array.*))
 *(.init_array)
 .init_array    0x20000088        0x4 c:/program files (x86)/gnu tools arm embedded/4.8 2013q4/bin/../lib/gcc/arm-none-eabi/4.8.3/armv6-m/crtbegin.o
                0x2000008c                PROVIDE (__init_array_end, .)
                0x2000008c                . = ALIGN (0x4)
                0x2000008c                PROVIDE (__fini_array_start, .)
 *(SORT(.fini_array.*))
 *(.fini_array)
 .fini_array    0x2000008c        0x4 c:/program files (x86)/gnu tools arm embedded/4.8 2013q4/bin/../lib/gcc/arm-none-eabi/4.8.3/armv6-m/crtbegin.o
                0x20000090                PROVIDE (__fini_array_end, .)
 *(.jcr*)
 .jcr           0x20000090        0x0 c:/program files (x86)/gnu tools arm embedded/4.8 2013q4/bin/../lib/gcc/arm-none-eabi/4.8.3/armv6-m/crtbegin.o
 .jcr           0x20000090        0x4 c:/program files (x86)/gnu tools arm embedded/4.8 2013q4/bin/../lib/gcc/arm-none-eabi/4.8.3/armv6-m/crtend.o
                0x20000094                . = ALIGN (0x4)
                0x20000094                __data_end__ = .

.igot.plt       0x20000094        0x0 load address 0x00001e24
 .igot.plt      0x00000000        0x0 c:/program files (x86)/gnu tools arm embedded/4.8 2013q4/bin/../lib/gcc/arm-none-eabi/4.8.3/armv6-m/crtbegin.o

.bss            0x20000094       0x28 load address 0x00001e24
                0x20000094                . = ALIGN (0x4)
                0x20000094                __bss_start__ = .
 *(.bss*)
 .bss           0x20000094       0x1c c:/program files (x86)/gnu tools arm embedded/4.8 2013q4/bin/../lib/gcc/arm-none-eabi/4.8.3/armv6-m/crtbegin.o
 .bss.LedCnt    0x200000b0        0x1 ./src/main.o
 .bss.TxFlag    0x200000b1        0x1 ./src/main.o
 .bss.tx_flag   0x200000b2        0x1 ./src/nrf24_tx.o
 *fill*         0x200000b3        0x1 
 .bss.cmuStatus
                0x200000b4        0x4 ./emlib/src/em_emu.o
 *(COMMON)
 COMMON         0x200000b8        0x4 ./CMSIS/efm32zg/system_efm32zg.o
                0x200000b8                SystemCoreClock
                0x200000bc                . = ALIGN (0x4)
                0x200000bc                __bss_end__ = .

.heap           0x200000c0        0x0
                0x200000c0                __HeapBase = .
                0x200000c0                __end__ = .
                0x200000c0                end = __end__
                0x200000c0                _end = __end__
 *(.heap*)
 .heap          0x200000c0        0x0 ./CMSIS/efm32zg/startup_gcc_efm32zg.o
                0x200000c0                __HeapLimit = .

.stack_dummy    0x200000c0      0x400
 *(.stack*)
 .stack         0x200000c0      0x400 ./CMSIS/efm32zg/startup_gcc_efm32zg.o
                0x20001000                __StackTop = (ORIGIN (RAM) + 0x1000)
                0x20000c00                __StackLimit = (__StackTop - SIZEOF (.stack_dummy))
                0x20001000                PROVIDE (__stack, __StackTop)
                0x00000001                ASSERT ((__StackLimit >= __HeapLimit), region RAM overflowed with stack)
                0x00000001                ASSERT ((0x8000 >= (__etext + SIZEOF (.data))), FLASH memory overflowed !)
OUTPUT(peugeot_pilot.axf elf32-littlearm)

.ARM.attributes
                0x00000000       0x28
 .ARM.attributes
                0x00000000       0x1e c:/program files (x86)/gnu tools arm embedded/4.8 2013q4/bin/../lib/gcc/arm-none-eabi/4.8.3/armv6-m/crti.o
 .ARM.attributes
                0x0000001e       0x2c c:/program files (x86)/gnu tools arm embedded/4.8 2013q4/bin/../lib/gcc/arm-none-eabi/4.8.3/armv6-m/crtbegin.o
 .ARM.attributes
                0x0000004a       0x1b c:/program files (x86)/gnu tools arm embedded/4.8 2013q4/bin/../lib/gcc/arm-none-eabi/4.8.3/../../../../arm-none-eabi/lib/armv6-m/crt0.o
 .ARM.attributes
                0x00000065       0x32 ./src/InitDevice.o
 .ARM.attributes
                0x00000097       0x32 ./src/btns_api.o
 .ARM.attributes
                0x000000c9       0x32 ./src/main.o
 .ARM.attributes
                0x000000fb       0x32 ./src/nrf24_tx.o
 .ARM.attributes
                0x0000012d       0x32 ./emlib/src/em_cmu.o
 .ARM.attributes
                0x0000015f       0x32 ./emlib/src/em_emu.o
 .ARM.attributes
                0x00000191       0x32 ./emlib/src/em_gpio.o
 .ARM.attributes
                0x000001c3       0x32 ./emlib/src/em_usart.o
 .ARM.attributes
                0x000001f5       0x1b ./CMSIS/efm32zg/startup_gcc_efm32zg.o
 .ARM.attributes
                0x00000210       0x32 ./CMSIS/efm32zg/system_efm32zg.o
 .ARM.attributes
                0x00000242       0x1e c:/program files (x86)/gnu tools arm embedded/4.8 2013q4/bin/../lib/gcc/arm-none-eabi/4.8.3/armv6-m\libgcc.a(_udivsi3.o)
 .ARM.attributes
                0x00000260       0x1e c:/program files (x86)/gnu tools arm embedded/4.8 2013q4/bin/../lib/gcc/arm-none-eabi/4.8.3/armv6-m\libgcc.a(_dvmd_tls.o)
 .ARM.attributes
                0x0000027e       0x2c c:/program files (x86)/gnu tools arm embedded/4.8 2013q4/bin/../lib/gcc/arm-none-eabi/4.8.3/../../../../arm-none-eabi/lib/armv6-m\libc_s.a(lib_a-exit.o)
 .ARM.attributes
                0x000002aa       0x2c c:/program files (x86)/gnu tools arm embedded/4.8 2013q4/bin/../lib/gcc/arm-none-eabi/4.8.3/../../../../arm-none-eabi/lib/armv6-m\libc_s.a(lib_a-impure.o)
 .ARM.attributes
                0x000002d6       0x2c c:/program files (x86)/gnu tools arm embedded/4.8 2013q4/bin/../lib/gcc/arm-none-eabi/4.8.3/../../../../arm-none-eabi/lib/armv6-m\libc_s.a(lib_a-init.o)
 .ARM.attributes
                0x00000302       0x2c c:/program files (x86)/gnu tools arm embedded/4.8 2013q4/bin/../lib/gcc/arm-none-eabi/4.8.3/../../../../arm-none-eabi/lib/armv6-m\libc_s.a(lib_a-memset.o)
 .ARM.attributes
                0x0000032e       0x2c c:/program files (x86)/gnu tools arm embedded/4.8 2013q4/bin/../lib/gcc/arm-none-eabi/4.8.3/../../../../arm-none-eabi/lib/armv6-m\libnosys.a(_exit.o)
 .ARM.attributes
                0x0000035a       0x2c c:/program files (x86)/gnu tools arm embedded/4.8 2013q4/bin/../lib/gcc/arm-none-eabi/4.8.3/armv6-m/crtend.o
 .ARM.attributes
                0x00000386       0x1e c:/program files (x86)/gnu tools arm embedded/4.8 2013q4/bin/../lib/gcc/arm-none-eabi/4.8.3/armv6-m/crtn.o

.comment        0x00000000       0x70
 .comment       0x00000000       0x70 ./src/InitDevice.o
                                 0x71 (size before relaxing)
 .comment       0x00000000       0x71 ./src/btns_api.o
 .comment       0x00000000       0x71 ./src/main.o
 .comment       0x00000000       0x71 ./src/nrf24_tx.o
 .comment       0x00000000       0x71 ./emlib/src/em_cmu.o
 .comment       0x00000000       0x71 ./emlib/src/em_emu.o
 .comment       0x00000000       0x71 ./emlib/src/em_gpio.o
 .comment       0x00000000       0x71 ./emlib/src/em_usart.o
 .comment       0x00000000       0x71 ./CMSIS/efm32zg/system_efm32zg.o

.debug_info     0x00000000     0x4de9
 .debug_info    0x00000000      0x8b1 ./src/InitDevice.o
 .debug_info    0x000008b1      0x52f ./src/btns_api.o
 .debug_info    0x00000de0      0x784 ./src/main.o
 .debug_info    0x00001564      0x949 ./src/nrf24_tx.o
 .debug_info    0x00001ead     0x109a ./emlib/src/em_cmu.o
 .debug_info    0x00002f47      0x5c7 ./emlib/src/em_emu.o
 .debug_info    0x0000350e      0x642 ./emlib/src/em_gpio.o
 .debug_info    0x00003b50      0xdd2 ./emlib/src/em_usart.o
 .debug_info    0x00004922       0x9c ./CMSIS/efm32zg/startup_gcc_efm32zg.o
 .debug_info    0x000049be      0x42b ./CMSIS/efm32zg/system_efm32zg.o

.debug_abbrev   0x00000000     0x1089
 .debug_abbrev  0x00000000      0x14e ./src/InitDevice.o
 .debug_abbrev  0x0000014e      0x184 ./src/btns_api.o
 .debug_abbrev  0x000002d2      0x1f6 ./src/main.o
 .debug_abbrev  0x000004c8      0x23e ./src/nrf24_tx.o
 .debug_abbrev  0x00000706      0x2c0 ./emlib/src/em_cmu.o
 .debug_abbrev  0x000009c6      0x1af ./emlib/src/em_emu.o
 .debug_abbrev  0x00000b75      0x1c7 ./emlib/src/em_gpio.o
 .debug_abbrev  0x00000d3c      0x1d9 ./emlib/src/em_usart.o
 .debug_abbrev  0x00000f15       0x14 ./CMSIS/efm32zg/startup_gcc_efm32zg.o
 .debug_abbrev  0x00000f29      0x160 ./CMSIS/efm32zg/system_efm32zg.o

.debug_loc      0x00000000     0x1c7a
 .debug_loc     0x00000000      0x324 ./src/InitDevice.o
 .debug_loc     0x00000324      0x120 ./src/btns_api.o
 .debug_loc     0x00000444      0x1e0 ./src/main.o
 .debug_loc     0x00000624      0x37c ./src/nrf24_tx.o
 .debug_loc     0x000009a0      0x7c4 ./emlib/src/em_cmu.o
 .debug_loc     0x00001164      0x22c ./emlib/src/em_emu.o
 .debug_loc     0x00001390      0x268 ./emlib/src/em_gpio.o
 .debug_loc     0x000015f8      0x49a ./emlib/src/em_usart.o
 .debug_loc     0x00001a92      0x1e8 ./CMSIS/efm32zg/system_efm32zg.o

.debug_aranges  0x00000000      0x558
 .debug_aranges
                0x00000000       0xa8 ./src/InitDevice.o
 .debug_aranges
                0x000000a8       0x48 ./src/btns_api.o
 .debug_aranges
                0x000000f0       0x60 ./src/main.o
 .debug_aranges
                0x00000150       0xa0 ./src/nrf24_tx.o
 .debug_aranges
                0x000001f0      0x140 ./emlib/src/em_cmu.o
 .debug_aranges
                0x00000330       0x70 ./emlib/src/em_emu.o
 .debug_aranges
                0x000003a0       0x70 ./emlib/src/em_gpio.o
 .debug_aranges
                0x00000410       0xc0 ./emlib/src/em_usart.o
 .debug_aranges
                0x000004d0       0x20 ./CMSIS/efm32zg/startup_gcc_efm32zg.o
 .debug_aranges
                0x000004f0       0x68 ./CMSIS/efm32zg/system_efm32zg.o

.debug_ranges   0x00000000      0x4a8
 .debug_ranges  0x00000000       0x98 ./src/InitDevice.o
 .debug_ranges  0x00000098       0x38 ./src/btns_api.o
 .debug_ranges  0x000000d0       0x50 ./src/main.o
 .debug_ranges  0x00000120       0x90 ./src/nrf24_tx.o
 .debug_ranges  0x000001b0      0x130 ./emlib/src/em_cmu.o
 .debug_ranges  0x000002e0       0x60 ./emlib/src/em_emu.o
 .debug_ranges  0x00000340       0x60 ./emlib/src/em_gpio.o
 .debug_ranges  0x000003a0       0xb0 ./emlib/src/em_usart.o
 .debug_ranges  0x00000450       0x58 ./CMSIS/efm32zg/system_efm32zg.o

.debug_line     0x00000000     0x1fbe
 .debug_line    0x00000000      0x2e9 ./src/InitDevice.o
 .debug_line    0x000002e9      0x234 ./src/btns_api.o
 .debug_line    0x0000051d      0x323 ./src/main.o
 .debug_line    0x00000840      0x3ea ./src/nrf24_tx.o
 .debug_line    0x00000c2a      0x71a ./emlib/src/em_cmu.o
 .debug_line    0x00001344      0x32d ./emlib/src/em_emu.o
 .debug_line    0x00001671      0x2c7 ./emlib/src/em_gpio.o
 .debug_line    0x00001938      0x452 ./emlib/src/em_usart.o
 .debug_line    0x00001d8a       0x74 ./CMSIS/efm32zg/startup_gcc_efm32zg.o
 .debug_line    0x00001dfe      0x1c0 ./CMSIS/efm32zg/system_efm32zg.o

.debug_str      0x00000000     0x2024
 .debug_str     0x00000000      0xa37 ./src/InitDevice.o
                                0xaa5 (size before relaxing)
 .debug_str     0x00000a37      0x232 ./src/btns_api.o
                                0x4cd (size before relaxing)
 .debug_str     0x00000c69      0x101 ./src/main.o
                                0x552 (size before relaxing)
 .debug_str     0x00000d6a      0x18b ./src/nrf24_tx.o
                                0x699 (size before relaxing)
 .debug_str     0x00000ef5      0x770 ./emlib/src/em_cmu.o
                                0xbd1 (size before relaxing)
 .debug_str     0x00001665      0x130 ./emlib/src/em_emu.o
                                0x445 (size before relaxing)
 .debug_str     0x00001795      0x29d ./emlib/src/em_gpio.o
                                0x5ee (size before relaxing)
 .debug_str     0x00001a32      0x4e6 ./emlib/src/em_usart.o
                                0xbe8 (size before relaxing)
 .debug_str     0x00001f18      0x10c ./CMSIS/efm32zg/system_efm32zg.o
                                0x3fb (size before relaxing)

.debug_frame    0x00000000     0x1218
 .debug_frame   0x00000000      0x20c ./src/InitDevice.o
 .debug_frame   0x0000020c       0xc0 ./src/btns_api.o
 .debug_frame   0x000002cc      0x12c ./src/main.o
 .debug_frame   0x000003f8      0x21c ./src/nrf24_tx.o
 .debug_frame   0x00000614      0x494 ./emlib/src/em_cmu.o
 .debug_frame   0x00000aa8      0x15c ./emlib/src/em_emu.o
 .debug_frame   0x00000c04      0x174 ./emlib/src/em_gpio.o
 .debug_frame   0x00000d78      0x2b4 ./emlib/src/em_usart.o
 .debug_frame   0x0000102c      0x138 ./CMSIS/efm32zg/system_efm32zg.o
 .debug_frame   0x00001164       0x20 c:/program files (x86)/gnu tools arm embedded/4.8 2013q4/bin/../lib/gcc/arm-none-eabi/4.8.3/armv6-m\libgcc.a(_udivsi3.o)
 .debug_frame   0x00001184       0x28 c:/program files (x86)/gnu tools arm embedded/4.8 2013q4/bin/../lib/gcc/arm-none-eabi/4.8.3/../../../../arm-none-eabi/lib/armv6-m\libc_s.a(lib_a-exit.o)
 .debug_frame   0x000011ac       0x2c c:/program files (x86)/gnu tools arm embedded/4.8 2013q4/bin/../lib/gcc/arm-none-eabi/4.8.3/../../../../arm-none-eabi/lib/armv6-m\libc_s.a(lib_a-init.o)
 .debug_frame   0x000011d8       0x20 c:/program files (x86)/gnu tools arm embedded/4.8 2013q4/bin/../lib/gcc/arm-none-eabi/4.8.3/../../../../arm-none-eabi/lib/armv6-m\libc_s.a(lib_a-memset.o)
 .debug_frame   0x000011f8       0x20 c:/program files (x86)/gnu tools arm embedded/4.8 2013q4/bin/../lib/gcc/arm-none-eabi/4.8.3/../../../../arm-none-eabi/lib/armv6-m\libnosys.a(_exit.o)
