Archive member included because of file (symbol)

c:/program files (x86)/gnu tools arm embedded/4.8 2013q4/bin/../lib/gcc/arm-none-eabi/4.8.3/armv6-m\libgcc.a(_udivsi3.o)
                              ./emlib/src/em_usart.o (__aeabi_uidiv)
c:/program files (x86)/gnu tools arm embedded/4.8 2013q4/bin/../lib/gcc/arm-none-eabi/4.8.3/armv6-m\libgcc.a(_dvmd_tls.o)
                              c:/program files (x86)/gnu tools arm embedded/4.8 2013q4/bin/../lib/gcc/arm-none-eabi/4.8.3/armv6-m\libgcc.a(_udivsi3.o) (__aeabi_idiv0)
c:/program files (x86)/gnu tools arm embedded/4.8 2013q4/bin/../lib/gcc/arm-none-eabi/4.8.3/armv6-m\libgcc.a(_clzsi2.o)
                              ./emlib/src/em_cmu.o (__clzsi2)
c:/program files (x86)/gnu tools arm embedded/4.8 2013q4/bin/../lib/gcc/arm-none-eabi/4.8.3/armv6-m\libgcc.a(_aeabi_uldivmod.o)
                              ./emlib/src/em_usart.o (__aeabi_uldivmod)
c:/program files (x86)/gnu tools arm embedded/4.8 2013q4/bin/../lib/gcc/arm-none-eabi/4.8.3/armv6-m\libgcc.a(_muldi3.o)
                              ./emlib/src/em_usart.o (__aeabi_lmul)
c:/program files (x86)/gnu tools arm embedded/4.8 2013q4/bin/../lib/gcc/arm-none-eabi/4.8.3/armv6-m\libgcc.a(bpabi.o)
                              c:/program files (x86)/gnu tools arm embedded/4.8 2013q4/bin/../lib/gcc/arm-none-eabi/4.8.3/armv6-m\libgcc.a(_aeabi_uldivmod.o) (__gnu_uldivmod_helper)
c:/program files (x86)/gnu tools arm embedded/4.8 2013q4/bin/../lib/gcc/arm-none-eabi/4.8.3/armv6-m\libgcc.a(_divdi3.o)
                              c:/program files (x86)/gnu tools arm embedded/4.8 2013q4/bin/../lib/gcc/arm-none-eabi/4.8.3/armv6-m\libgcc.a(bpabi.o) (__divdi3)
c:/program files (x86)/gnu tools arm embedded/4.8 2013q4/bin/../lib/gcc/arm-none-eabi/4.8.3/armv6-m\libgcc.a(_udivdi3.o)
                              c:/program files (x86)/gnu tools arm embedded/4.8 2013q4/bin/../lib/gcc/arm-none-eabi/4.8.3/armv6-m\libgcc.a(bpabi.o) (__udivdi3)
c:/program files (x86)/gnu tools arm embedded/4.8 2013q4/bin/../lib/gcc/arm-none-eabi/4.8.3/../../../../arm-none-eabi/lib/armv6-m\libc_s.a(lib_a-exit.o)
                              c:/program files (x86)/gnu tools arm embedded/4.8 2013q4/bin/../lib/gcc/arm-none-eabi/4.8.3/../../../../arm-none-eabi/lib/armv6-m/crt0.o (exit)
c:/program files (x86)/gnu tools arm embedded/4.8 2013q4/bin/../lib/gcc/arm-none-eabi/4.8.3/../../../../arm-none-eabi/lib/armv6-m\libc_s.a(lib_a-impure.o)
                              c:/program files (x86)/gnu tools arm embedded/4.8 2013q4/bin/../lib/gcc/arm-none-eabi/4.8.3/../../../../arm-none-eabi/lib/armv6-m\libc_s.a(lib_a-exit.o) (_global_impure_ptr)
c:/program files (x86)/gnu tools arm embedded/4.8 2013q4/bin/../lib/gcc/arm-none-eabi/4.8.3/../../../../arm-none-eabi/lib/armv6-m\libc_s.a(lib_a-init.o)
                              c:/program files (x86)/gnu tools arm embedded/4.8 2013q4/bin/../lib/gcc/arm-none-eabi/4.8.3/../../../../arm-none-eabi/lib/armv6-m/crt0.o (__libc_init_array)
c:/program files (x86)/gnu tools arm embedded/4.8 2013q4/bin/../lib/gcc/arm-none-eabi/4.8.3/../../../../arm-none-eabi/lib/armv6-m\libc_s.a(lib_a-memset.o)
                              c:/program files (x86)/gnu tools arm embedded/4.8 2013q4/bin/../lib/gcc/arm-none-eabi/4.8.3/../../../../arm-none-eabi/lib/armv6-m/crt0.o (memset)
c:/program files (x86)/gnu tools arm embedded/4.8 2013q4/bin/../lib/gcc/arm-none-eabi/4.8.3/../../../../arm-none-eabi/lib/armv6-m\libnosys.a(_exit.o)
                              c:/program files (x86)/gnu tools arm embedded/4.8 2013q4/bin/../lib/gcc/arm-none-eabi/4.8.3/../../../../arm-none-eabi/lib/armv6-m\libc_s.a(lib_a-exit.o) (_exit)

Allocating common symbols
Common symbol       size              file

Msg                 0x1               ./src/main.o
SystemCoreClock     0x4               ./CMSIS/efm32zg/system_efm32zg.o

Discarded input sections

 .text          0x00000000        0x0 c:/program files (x86)/gnu tools arm embedded/4.8 2013q4/bin/../lib/gcc/arm-none-eabi/4.8.3/armv6-m/crti.o
 .data          0x00000000        0x0 c:/program files (x86)/gnu tools arm embedded/4.8 2013q4/bin/../lib/gcc/arm-none-eabi/4.8.3/armv6-m/crti.o
 .bss           0x00000000        0x0 c:/program files (x86)/gnu tools arm embedded/4.8 2013q4/bin/../lib/gcc/arm-none-eabi/4.8.3/armv6-m/crti.o
 .data          0x00000000        0x4 c:/program files (x86)/gnu tools arm embedded/4.8 2013q4/bin/../lib/gcc/arm-none-eabi/4.8.3/armv6-m/crtbegin.o
 .data          0x00000000        0x0 c:/program files (x86)/gnu tools arm embedded/4.8 2013q4/bin/../lib/gcc/arm-none-eabi/4.8.3/../../../../arm-none-eabi/lib/armv6-m/crt0.o
 .bss           0x00000000        0x0 c:/program files (x86)/gnu tools arm embedded/4.8 2013q4/bin/../lib/gcc/arm-none-eabi/4.8.3/../../../../arm-none-eabi/lib/armv6-m/crt0.o
 .ARM.extab     0x00000000        0x0 c:/program files (x86)/gnu tools arm embedded/4.8 2013q4/bin/../lib/gcc/arm-none-eabi/4.8.3/../../../../arm-none-eabi/lib/armv6-m/crt0.o
 .text          0x00000000        0x0 ./src/InitDevice.o
 .data          0x00000000        0x0 ./src/InitDevice.o
 .bss           0x00000000        0x0 ./src/InitDevice.o
 .text.HFXO_enter_DefaultMode_from_RESET
                0x00000000        0x8 ./src/InitDevice.o
 .text.LFXO_enter_DefaultMode_from_RESET
                0x00000000        0x8 ./src/InitDevice.o
 .text.ADC0_enter_DefaultMode_from_RESET
                0x00000000        0x8 ./src/InitDevice.o
 .text.ACMP0_enter_DefaultMode_from_RESET
                0x00000000        0x8 ./src/InitDevice.o
 .text.IDAC0_enter_DefaultMode_from_RESET
                0x00000000        0x8 ./src/InitDevice.o
 .text.RTC_enter_DefaultMode_from_RESET
                0x00000000        0x8 ./src/InitDevice.o
 .text.LEUART0_enter_DefaultMode_from_RESET
                0x00000000        0x8 ./src/InitDevice.o
 .text.VCMP_enter_DefaultMode_from_RESET
                0x00000000        0x8 ./src/InitDevice.o
 .text.WDOG_enter_DefaultMode_from_RESET
                0x00000000        0x8 ./src/InitDevice.o
 .text.I2C0_enter_DefaultMode_from_RESET
                0x00000000        0x8 ./src/InitDevice.o
 .text.TIMER0_enter_DefaultMode_from_RESET
                0x00000000        0x8 ./src/InitDevice.o
 .text.TIMER1_enter_DefaultMode_from_RESET
                0x00000000        0x8 ./src/InitDevice.o
 .text.PCNT0_enter_DefaultMode_from_RESET
                0x00000000        0x8 ./src/InitDevice.o
 .text.PRS_enter_DefaultMode_from_RESET
                0x00000000        0x8 ./src/InitDevice.o
 .text          0x00000000        0x0 ./src/main.o
 .data          0x00000000        0x0 ./src/main.o
 .bss           0x00000000        0x0 ./src/main.o
 .text          0x00000000        0x0 ./src/nrf24_rx.o
 .data          0x00000000        0x0 ./src/nrf24_rx.o
 .bss           0x00000000        0x0 ./src/nrf24_rx.o
 .text.sNRF24rx_ReadReg
                0x00000000       0x60 ./src/nrf24_rx.o
 .text          0x00000000        0x0 ./emlib/src/em_cmu.o
 .data          0x00000000        0x0 ./emlib/src/em_cmu.o
 .bss           0x00000000        0x0 ./emlib/src/em_cmu.o
 .text.BUS_RegMaskedWrite
                0x00000000       0x24 ./emlib/src/em_cmu.o
 .text.CMU_DivToLog2
                0x00000000       0x34 ./emlib/src/em_cmu.o
 .text.CMU_Log2ToDiv
                0x00000000       0x1c ./emlib/src/em_cmu.o
 .text.CMU_AUXHFRCOBandGet
                0x00000000       0x1c ./emlib/src/em_cmu.o
 .text.CMU_AUXHFRCOBandSet
                0x00000000       0x90 ./emlib/src/em_cmu.o
 .rodata.CMU_AUXHFRCOBandSet
                0x00000000       0x20 ./emlib/src/em_cmu.o
 .text.CMU_Calibrate
                0x00000000       0x84 ./emlib/src/em_cmu.o
 .rodata.CMU_Calibrate
                0x00000000       0x14 ./emlib/src/em_cmu.o
 .text.CMU_CalibrateConfig
                0x00000000       0xc0 ./emlib/src/em_cmu.o
 .rodata.CMU_CalibrateConfig
                0x00000000       0x28 ./emlib/src/em_cmu.o
 .text.CMU_CalibrateCountGet
                0x00000000       0x3c ./emlib/src/em_cmu.o
 .text.CMU_ClockDivGet
                0x00000000       0xc8 ./emlib/src/em_cmu.o
 .text.CMU_ClockDivSet
                0x00000000      0x124 ./emlib/src/em_cmu.o
 .text.CMU_FreezeEnable
                0x00000000       0x38 ./emlib/src/em_cmu.o
 .text.CMU_HFRCOBandGet
                0x00000000       0x1c ./emlib/src/em_cmu.o
 .text.CMU_HFRCOBandSet
                0x00000000       0xc4 ./emlib/src/em_cmu.o
 .rodata.CMU_HFRCOBandSet
                0x00000000       0x14 ./emlib/src/em_cmu.o
 .text.CMU_HFRCOStartupDelayGet
                0x00000000       0x1c ./emlib/src/em_cmu.o
 .text.CMU_HFRCOStartupDelaySet
                0x00000000       0x30 ./emlib/src/em_cmu.o
 .text.CMU_HFXOInit
                0x00000000       0x5c ./emlib/src/em_cmu.o
 .text.CMU_LCDClkFDIVGet
                0x00000000        0xc ./emlib/src/em_cmu.o
 .text.CMU_LCDClkFDIVSet
                0x00000000       0x10 ./emlib/src/em_cmu.o
 .text.CMU_LFXOInit
                0x00000000       0x60 ./emlib/src/em_cmu.o
 .text.CMU_OscillatorTuningGet
                0x00000000       0x54 ./emlib/src/em_cmu.o
 .text.CMU_OscillatorTuningSet
                0x00000000       0x84 ./emlib/src/em_cmu.o
 .text.CMU_PCNTClockExternalGet
                0x00000000       0x34 ./emlib/src/em_cmu.o
 .text.CMU_PCNTClockExternalSet
                0x00000000       0x3c ./emlib/src/em_cmu.o
 .text          0x00000000        0x0 ./emlib/src/em_emu.o
 .data          0x00000000        0x0 ./emlib/src/em_emu.o
 .bss           0x00000000        0x0 ./emlib/src/em_emu.o
 .text.SystemCoreClockUpdate
                0x00000000        0xc ./emlib/src/em_emu.o
 .text.EMU_Unlock
                0x00000000       0x18 ./emlib/src/em_emu.o
 .text.CMU_Lock
                0x00000000       0x14 ./emlib/src/em_emu.o
 .text.CMU_Unlock
                0x00000000       0x18 ./emlib/src/em_emu.o
 .text.emuRestore
                0x00000000       0xf4 ./emlib/src/em_emu.o
 .text.EMU_EnterEM2
                0x00000000       0x54 ./emlib/src/em_emu.o
 .text.EMU_EnterEM3
                0x00000000       0x74 ./emlib/src/em_emu.o
 .text.EMU_EnterEM4
                0x00000000       0x50 ./emlib/src/em_emu.o
 .text.EMU_MemPwrDown
                0x00000000       0x10 ./emlib/src/em_emu.o
 .text.EMU_EM23Init
                0x00000000       0x30 ./emlib/src/em_emu.o
 .text          0x00000000        0x0 ./emlib/src/em_gpio.o
 .data          0x00000000        0x0 ./emlib/src/em_gpio.o
 .bss           0x00000000        0x0 ./emlib/src/em_gpio.o
 .text.GPIO_EM4SetPinRetention
                0x00000000       0x4c ./emlib/src/em_gpio.o
 .text.GPIO_PinOutClear
                0x00000000       0x6c ./emlib/src/em_gpio.o
 .text.GPIO_PinOutSet
                0x00000000       0x6c ./emlib/src/em_gpio.o
 .text.GPIO_DbgLocationSet
                0x00000000       0x10 ./emlib/src/em_gpio.o
 .text.GPIO_DriveModeSet
                0x00000000       0x84 ./emlib/src/em_gpio.o
 .text.GPIO_PinModeSet
                0x00000000      0x160 ./emlib/src/em_gpio.o
 .text.GPIO_PinModeGet
                0x00000000       0xa8 ./emlib/src/em_gpio.o
 .text.GPIO_EM4EnablePinWakeup
                0x00000000       0x68 ./emlib/src/em_gpio.o
 .text          0x00000000        0x0 ./emlib/src/em_int.o
 .data          0x00000000        0x0 ./emlib/src/em_int.o
 .bss           0x00000000        0x0 ./emlib/src/em_int.o
 .bss.INT_LockCnt
                0x00000000        0x4 ./emlib/src/em_int.o
 .debug_info    0x00000000       0xa4 ./emlib/src/em_int.o
 .debug_abbrev  0x00000000       0x44 ./emlib/src/em_int.o
 .debug_aranges
                0x00000000       0x18 ./emlib/src/em_int.o
 .debug_line    0x00000000       0x91 ./emlib/src/em_int.o
 .debug_str     0x00000000      0x1f7 ./emlib/src/em_int.o
 .comment       0x00000000       0x71 ./emlib/src/em_int.o
 .ARM.attributes
                0x00000000       0x32 ./emlib/src/em_int.o
 .text          0x00000000        0x0 ./emlib/src/em_system.o
 .data          0x00000000        0x0 ./emlib/src/em_system.o
 .bss           0x00000000        0x0 ./emlib/src/em_system.o
 .text.SYSTEM_ChipRevisionGet
                0x00000000       0x90 ./emlib/src/em_system.o
 .text.SYSTEM_GetCalibrationValue
                0x00000000       0x4c ./emlib/src/em_system.o
 .debug_info    0x00000000      0x243 ./emlib/src/em_system.o
 .debug_abbrev  0x00000000       0xde ./emlib/src/em_system.o
 .debug_loc     0x00000000       0x70 ./emlib/src/em_system.o
 .debug_aranges
                0x00000000       0x28 ./emlib/src/em_system.o
 .debug_ranges  0x00000000       0x18 ./emlib/src/em_system.o
 .debug_line    0x00000000      0x18a ./emlib/src/em_system.o
 .debug_str     0x00000000      0x2c9 ./emlib/src/em_system.o
 .comment       0x00000000       0x71 ./emlib/src/em_system.o
 .ARM.attributes
                0x00000000       0x32 ./emlib/src/em_system.o
 .debug_frame   0x00000000       0x50 ./emlib/src/em_system.o
 .text          0x00000000        0x0 ./emlib/src/em_usart.o
 .data          0x00000000        0x0 ./emlib/src/em_usart.o
 .bss           0x00000000        0x0 ./emlib/src/em_usart.o
 .text.USART_BaudrateAsyncSet
                0x00000000       0xc8 ./emlib/src/em_usart.o
 .text.USART_BaudrateCalc
                0x00000000      0x108 ./emlib/src/em_usart.o
 .text.USART_BaudrateGet
                0x00000000       0x64 ./emlib/src/em_usart.o
 .text.USART_InitAsync
                0x00000000       0x78 ./emlib/src/em_usart.o
 .text.USARTn_InitIrDA
                0x00000000       0x74 ./emlib/src/em_usart.o
 .text.USART_InitI2s
                0x00000000       0x8c ./emlib/src/em_usart.o
 .text.USART_Rx
                0x00000000       0x24 ./emlib/src/em_usart.o
 .text.USART_RxDouble
                0x00000000       0x24 ./emlib/src/em_usart.o
 .text.USART_RxDoubleExt
                0x00000000       0x24 ./emlib/src/em_usart.o
 .text.USART_RxExt
                0x00000000       0x24 ./emlib/src/em_usart.o
 .text.USART_Tx
                0x00000000       0x28 ./emlib/src/em_usart.o
 .text.USART_TxDouble
                0x00000000       0x28 ./emlib/src/em_usart.o
 .text.USART_TxDoubleExt
                0x00000000       0x24 ./emlib/src/em_usart.o
 .text.USART_TxExt
                0x00000000       0x28 ./emlib/src/em_usart.o
 .data          0x00000000        0x0 ./CMSIS/efm32zg/startup_gcc_efm32zg.o
 .bss           0x00000000        0x0 ./CMSIS/efm32zg/startup_gcc_efm32zg.o
 .text          0x00000000        0x0 ./CMSIS/efm32zg/system_efm32zg.o
 .data          0x00000000        0x0 ./CMSIS/efm32zg/system_efm32zg.o
 .bss           0x00000000        0x0 ./CMSIS/efm32zg/system_efm32zg.o
 .text.SystemHFXOClockGet
                0x00000000       0x14 ./CMSIS/efm32zg/system_efm32zg.o
 .text.SystemHFXOClockSet
                0x00000000       0x2c ./CMSIS/efm32zg/system_efm32zg.o
 .text.SystemLFXOClockSet
                0x00000000       0x2c ./CMSIS/efm32zg/system_efm32zg.o
 .data          0x00000000        0x0 c:/program files (x86)/gnu tools arm embedded/4.8 2013q4/bin/../lib/gcc/arm-none-eabi/4.8.3/armv6-m\libgcc.a(_udivsi3.o)
 .bss           0x00000000        0x0 c:/program files (x86)/gnu tools arm embedded/4.8 2013q4/bin/../lib/gcc/arm-none-eabi/4.8.3/armv6-m\libgcc.a(_udivsi3.o)
 .data          0x00000000        0x0 c:/program files (x86)/gnu tools arm embedded/4.8 2013q4/bin/../lib/gcc/arm-none-eabi/4.8.3/armv6-m\libgcc.a(_dvmd_tls.o)
 .bss           0x00000000        0x0 c:/program files (x86)/gnu tools arm embedded/4.8 2013q4/bin/../lib/gcc/arm-none-eabi/4.8.3/armv6-m\libgcc.a(_dvmd_tls.o)
 .text          0x00000000       0x3c c:/program files (x86)/gnu tools arm embedded/4.8 2013q4/bin/../lib/gcc/arm-none-eabi/4.8.3/armv6-m\libgcc.a(_clzsi2.o)
 .data          0x00000000        0x0 c:/program files (x86)/gnu tools arm embedded/4.8 2013q4/bin/../lib/gcc/arm-none-eabi/4.8.3/armv6-m\libgcc.a(_clzsi2.o)
 .bss           0x00000000        0x0 c:/program files (x86)/gnu tools arm embedded/4.8 2013q4/bin/../lib/gcc/arm-none-eabi/4.8.3/armv6-m\libgcc.a(_clzsi2.o)
 .ARM.attributes
                0x00000000       0x1e c:/program files (x86)/gnu tools arm embedded/4.8 2013q4/bin/../lib/gcc/arm-none-eabi/4.8.3/armv6-m\libgcc.a(_clzsi2.o)
 .text          0x00000000       0x40 c:/program files (x86)/gnu tools arm embedded/4.8 2013q4/bin/../lib/gcc/arm-none-eabi/4.8.3/armv6-m\libgcc.a(_aeabi_uldivmod.o)
 .data          0x00000000        0x0 c:/program files (x86)/gnu tools arm embedded/4.8 2013q4/bin/../lib/gcc/arm-none-eabi/4.8.3/armv6-m\libgcc.a(_aeabi_uldivmod.o)
 .bss           0x00000000        0x0 c:/program files (x86)/gnu tools arm embedded/4.8 2013q4/bin/../lib/gcc/arm-none-eabi/4.8.3/armv6-m\libgcc.a(_aeabi_uldivmod.o)
 .ARM.attributes
                0x00000000       0x1e c:/program files (x86)/gnu tools arm embedded/4.8 2013q4/bin/../lib/gcc/arm-none-eabi/4.8.3/armv6-m\libgcc.a(_aeabi_uldivmod.o)
 .text          0x00000000       0x44 c:/program files (x86)/gnu tools arm embedded/4.8 2013q4/bin/../lib/gcc/arm-none-eabi/4.8.3/armv6-m\libgcc.a(_muldi3.o)
 .data          0x00000000        0x0 c:/program files (x86)/gnu tools arm embedded/4.8 2013q4/bin/../lib/gcc/arm-none-eabi/4.8.3/armv6-m\libgcc.a(_muldi3.o)
 .bss           0x00000000        0x0 c:/program files (x86)/gnu tools arm embedded/4.8 2013q4/bin/../lib/gcc/arm-none-eabi/4.8.3/armv6-m\libgcc.a(_muldi3.o)
 .ARM.attributes
                0x00000000       0x2c c:/program files (x86)/gnu tools arm embedded/4.8 2013q4/bin/../lib/gcc/arm-none-eabi/4.8.3/armv6-m\libgcc.a(_muldi3.o)
 .debug_frame   0x00000000       0x30 c:/program files (x86)/gnu tools arm embedded/4.8 2013q4/bin/../lib/gcc/arm-none-eabi/4.8.3/armv6-m\libgcc.a(_muldi3.o)
 .text          0x00000000       0x6c c:/program files (x86)/gnu tools arm embedded/4.8 2013q4/bin/../lib/gcc/arm-none-eabi/4.8.3/armv6-m\libgcc.a(bpabi.o)
 .data          0x00000000        0x0 c:/program files (x86)/gnu tools arm embedded/4.8 2013q4/bin/../lib/gcc/arm-none-eabi/4.8.3/armv6-m\libgcc.a(bpabi.o)
 .bss           0x00000000        0x0 c:/program files (x86)/gnu tools arm embedded/4.8 2013q4/bin/../lib/gcc/arm-none-eabi/4.8.3/armv6-m\libgcc.a(bpabi.o)
 .ARM.attributes
                0x00000000       0x2c c:/program files (x86)/gnu tools arm embedded/4.8 2013q4/bin/../lib/gcc/arm-none-eabi/4.8.3/armv6-m\libgcc.a(bpabi.o)
 .debug_frame   0x00000000       0x50 c:/program files (x86)/gnu tools arm embedded/4.8 2013q4/bin/../lib/gcc/arm-none-eabi/4.8.3/armv6-m\libgcc.a(bpabi.o)
 .text          0x00000000      0x3b0 c:/program files (x86)/gnu tools arm embedded/4.8 2013q4/bin/../lib/gcc/arm-none-eabi/4.8.3/armv6-m\libgcc.a(_divdi3.o)
 .data          0x00000000        0x0 c:/program files (x86)/gnu tools arm embedded/4.8 2013q4/bin/../lib/gcc/arm-none-eabi/4.8.3/armv6-m\libgcc.a(_divdi3.o)
 .bss           0x00000000        0x0 c:/program files (x86)/gnu tools arm embedded/4.8 2013q4/bin/../lib/gcc/arm-none-eabi/4.8.3/armv6-m\libgcc.a(_divdi3.o)
 .ARM.extab     0x00000000        0x0 c:/program files (x86)/gnu tools arm embedded/4.8 2013q4/bin/../lib/gcc/arm-none-eabi/4.8.3/armv6-m\libgcc.a(_divdi3.o)
 .ARM.exidx     0x00000000        0x8 c:/program files (x86)/gnu tools arm embedded/4.8 2013q4/bin/../lib/gcc/arm-none-eabi/4.8.3/armv6-m\libgcc.a(_divdi3.o)
 .ARM.attributes
                0x00000000       0x2c c:/program files (x86)/gnu tools arm embedded/4.8 2013q4/bin/../lib/gcc/arm-none-eabi/4.8.3/armv6-m\libgcc.a(_divdi3.o)
 .debug_frame   0x00000000       0x3c c:/program files (x86)/gnu tools arm embedded/4.8 2013q4/bin/../lib/gcc/arm-none-eabi/4.8.3/armv6-m\libgcc.a(_divdi3.o)
 .text          0x00000000      0x380 c:/program files (x86)/gnu tools arm embedded/4.8 2013q4/bin/../lib/gcc/arm-none-eabi/4.8.3/armv6-m\libgcc.a(_udivdi3.o)
 .data          0x00000000        0x0 c:/program files (x86)/gnu tools arm embedded/4.8 2013q4/bin/../lib/gcc/arm-none-eabi/4.8.3/armv6-m\libgcc.a(_udivdi3.o)
 .bss           0x00000000        0x0 c:/program files (x86)/gnu tools arm embedded/4.8 2013q4/bin/../lib/gcc/arm-none-eabi/4.8.3/armv6-m\libgcc.a(_udivdi3.o)
 .ARM.extab     0x00000000        0x0 c:/program files (x86)/gnu tools arm embedded/4.8 2013q4/bin/../lib/gcc/arm-none-eabi/4.8.3/armv6-m\libgcc.a(_udivdi3.o)
 .ARM.exidx     0x00000000        0x8 c:/program files (x86)/gnu tools arm embedded/4.8 2013q4/bin/../lib/gcc/arm-none-eabi/4.8.3/armv6-m\libgcc.a(_udivdi3.o)
 .ARM.attributes
                0x00000000       0x2c c:/program files (x86)/gnu tools arm embedded/4.8 2013q4/bin/../lib/gcc/arm-none-eabi/4.8.3/armv6-m\libgcc.a(_udivdi3.o)
 .debug_frame   0x00000000       0x3c c:/program files (x86)/gnu tools arm embedded/4.8 2013q4/bin/../lib/gcc/arm-none-eabi/4.8.3/armv6-m\libgcc.a(_udivdi3.o)
 .text          0x00000000        0x0 c:/program files (x86)/gnu tools arm embedded/4.8 2013q4/bin/../lib/gcc/arm-none-eabi/4.8.3/../../../../arm-none-eabi/lib/armv6-m\libc_s.a(lib_a-exit.o)
 .data          0x00000000        0x0 c:/program files (x86)/gnu tools arm embedded/4.8 2013q4/bin/../lib/gcc/arm-none-eabi/4.8.3/../../../../arm-none-eabi/lib/armv6-m\libc_s.a(lib_a-exit.o)
 .bss           0x00000000        0x0 c:/program files (x86)/gnu tools arm embedded/4.8 2013q4/bin/../lib/gcc/arm-none-eabi/4.8.3/../../../../arm-none-eabi/lib/armv6-m\libc_s.a(lib_a-exit.o)
 .text          0x00000000        0x0 c:/program files (x86)/gnu tools arm embedded/4.8 2013q4/bin/../lib/gcc/arm-none-eabi/4.8.3/../../../../arm-none-eabi/lib/armv6-m\libc_s.a(lib_a-impure.o)
 .data          0x00000000        0x0 c:/program files (x86)/gnu tools arm embedded/4.8 2013q4/bin/../lib/gcc/arm-none-eabi/4.8.3/../../../../arm-none-eabi/lib/armv6-m\libc_s.a(lib_a-impure.o)
 .bss           0x00000000        0x0 c:/program files (x86)/gnu tools arm embedded/4.8 2013q4/bin/../lib/gcc/arm-none-eabi/4.8.3/../../../../arm-none-eabi/lib/armv6-m\libc_s.a(lib_a-impure.o)
 .data._impure_ptr
                0x00000000        0x4 c:/program files (x86)/gnu tools arm embedded/4.8 2013q4/bin/../lib/gcc/arm-none-eabi/4.8.3/../../../../arm-none-eabi/lib/armv6-m\libc_s.a(lib_a-impure.o)
 .text          0x00000000        0x0 c:/program files (x86)/gnu tools arm embedded/4.8 2013q4/bin/../lib/gcc/arm-none-eabi/4.8.3/../../../../arm-none-eabi/lib/armv6-m\libc_s.a(lib_a-init.o)
 .data          0x00000000        0x0 c:/program files (x86)/gnu tools arm embedded/4.8 2013q4/bin/../lib/gcc/arm-none-eabi/4.8.3/../../../../arm-none-eabi/lib/armv6-m\libc_s.a(lib_a-init.o)
 .bss           0x00000000        0x0 c:/program files (x86)/gnu tools arm embedded/4.8 2013q4/bin/../lib/gcc/arm-none-eabi/4.8.3/../../../../arm-none-eabi/lib/armv6-m\libc_s.a(lib_a-init.o)
 .text          0x00000000        0x0 c:/program files (x86)/gnu tools arm embedded/4.8 2013q4/bin/../lib/gcc/arm-none-eabi/4.8.3/../../../../arm-none-eabi/lib/armv6-m\libc_s.a(lib_a-memset.o)
 .data          0x00000000        0x0 c:/program files (x86)/gnu tools arm embedded/4.8 2013q4/bin/../lib/gcc/arm-none-eabi/4.8.3/../../../../arm-none-eabi/lib/armv6-m\libc_s.a(lib_a-memset.o)
 .bss           0x00000000        0x0 c:/program files (x86)/gnu tools arm embedded/4.8 2013q4/bin/../lib/gcc/arm-none-eabi/4.8.3/../../../../arm-none-eabi/lib/armv6-m\libc_s.a(lib_a-memset.o)
 .text          0x00000000        0x0 c:/program files (x86)/gnu tools arm embedded/4.8 2013q4/bin/../lib/gcc/arm-none-eabi/4.8.3/../../../../arm-none-eabi/lib/armv6-m\libnosys.a(_exit.o)
 .data          0x00000000        0x0 c:/program files (x86)/gnu tools arm embedded/4.8 2013q4/bin/../lib/gcc/arm-none-eabi/4.8.3/../../../../arm-none-eabi/lib/armv6-m\libnosys.a(_exit.o)
 .bss           0x00000000        0x0 c:/program files (x86)/gnu tools arm embedded/4.8 2013q4/bin/../lib/gcc/arm-none-eabi/4.8.3/../../../../arm-none-eabi/lib/armv6-m\libnosys.a(_exit.o)
 .text          0x00000000        0x0 c:/program files (x86)/gnu tools arm embedded/4.8 2013q4/bin/../lib/gcc/arm-none-eabi/4.8.3/armv6-m/crtend.o
 .data          0x00000000        0x0 c:/program files (x86)/gnu tools arm embedded/4.8 2013q4/bin/../lib/gcc/arm-none-eabi/4.8.3/armv6-m/crtend.o
 .bss           0x00000000        0x0 c:/program files (x86)/gnu tools arm embedded/4.8 2013q4/bin/../lib/gcc/arm-none-eabi/4.8.3/armv6-m/crtend.o
 .text          0x00000000        0x0 c:/program files (x86)/gnu tools arm embedded/4.8 2013q4/bin/../lib/gcc/arm-none-eabi/4.8.3/armv6-m/crtn.o
 .data          0x00000000        0x0 c:/program files (x86)/gnu tools arm embedded/4.8 2013q4/bin/../lib/gcc/arm-none-eabi/4.8.3/armv6-m/crtn.o
 .bss           0x00000000        0x0 c:/program files (x86)/gnu tools arm embedded/4.8 2013q4/bin/../lib/gcc/arm-none-eabi/4.8.3/armv6-m/crtn.o

Memory Configuration

Name             Origin             Length             Attributes
FLASH            0x00000000         0x00008000         xr
RAM              0x20000000         0x00001000         xrw
*default*        0x00000000         0xffffffff

Linker script and memory map

LOAD c:/program files (x86)/gnu tools arm embedded/4.8 2013q4/bin/../lib/gcc/arm-none-eabi/4.8.3/armv6-m/crti.o
LOAD c:/program files (x86)/gnu tools arm embedded/4.8 2013q4/bin/../lib/gcc/arm-none-eabi/4.8.3/armv6-m/crtbegin.o
LOAD c:/program files (x86)/gnu tools arm embedded/4.8 2013q4/bin/../lib/gcc/arm-none-eabi/4.8.3/../../../../arm-none-eabi/lib/armv6-m/crt0.o
LOAD ./src/InitDevice.o
LOAD ./src/main.o
LOAD ./src/nrf24_rx.o
LOAD ./emlib/src/em_cmu.o
LOAD ./emlib/src/em_emu.o
LOAD ./emlib/src/em_gpio.o
LOAD ./emlib/src/em_int.o
LOAD ./emlib/src/em_system.o
LOAD ./emlib/src/em_usart.o
LOAD ./CMSIS/efm32zg/startup_gcc_efm32zg.o
LOAD ./CMSIS/efm32zg/system_efm32zg.o
START GROUP
LOAD c:/program files (x86)/gnu tools arm embedded/4.8 2013q4/bin/../lib/gcc/arm-none-eabi/4.8.3/armv6-m\libgcc.a
LOAD c:/program files (x86)/gnu tools arm embedded/4.8 2013q4/bin/../lib/gcc/arm-none-eabi/4.8.3/../../../../arm-none-eabi/lib/armv6-m\libc_s.a
LOAD c:/program files (x86)/gnu tools arm embedded/4.8 2013q4/bin/../lib/gcc/arm-none-eabi/4.8.3/../../../../arm-none-eabi/lib/armv6-m\libnosys.a
END GROUP
START GROUP
LOAD c:/program files (x86)/gnu tools arm embedded/4.8 2013q4/bin/../lib/gcc/arm-none-eabi/4.8.3/armv6-m\libgcc.a
LOAD c:/program files (x86)/gnu tools arm embedded/4.8 2013q4/bin/../lib/gcc/arm-none-eabi/4.8.3/../../../../arm-none-eabi/lib/armv6-m\libg_s.a
LOAD c:/program files (x86)/gnu tools arm embedded/4.8 2013q4/bin/../lib/gcc/arm-none-eabi/4.8.3/../../../../arm-none-eabi/lib/armv6-m\libc_s.a
END GROUP
START GROUP
LOAD c:/program files (x86)/gnu tools arm embedded/4.8 2013q4/bin/../lib/gcc/arm-none-eabi/4.8.3/armv6-m\libgcc.a
LOAD c:/program files (x86)/gnu tools arm embedded/4.8 2013q4/bin/../lib/gcc/arm-none-eabi/4.8.3/../../../../arm-none-eabi/lib/armv6-m\libc_s.a
END GROUP
LOAD c:/program files (x86)/gnu tools arm embedded/4.8 2013q4/bin/../lib/gcc/arm-none-eabi/4.8.3/armv6-m/crtend.o
LOAD c:/program files (x86)/gnu tools arm embedded/4.8 2013q4/bin/../lib/gcc/arm-none-eabi/4.8.3/armv6-m/crtn.o

.text           0x00000000     0x1930
 *(.vectors)
 .vectors       0x00000000       0x8c ./CMSIS/efm32zg/startup_gcc_efm32zg.o
                0x00000000                __Vectors
                0x0000008c                __Vectors_End = .
                0x0000008c                __Vectors_Size = (__Vectors_End - __Vectors)
                0x0000008c                __end__ = .
 *(.text*)
 .text          0x0000008c       0x60 c:/program files (x86)/gnu tools arm embedded/4.8 2013q4/bin/../lib/gcc/arm-none-eabi/4.8.3/armv6-m/crtbegin.o
 .text          0x000000ec       0x78 c:/program files (x86)/gnu tools arm embedded/4.8 2013q4/bin/../lib/gcc/arm-none-eabi/4.8.3/../../../../arm-none-eabi/lib/armv6-m/crt0.o
                0x000000ec                _start
                0x000000ec                _mainCRTStartup
 .text.enter_DefaultMode_from_RESET
                0x00000164       0x14 ./src/InitDevice.o
                0x00000164                enter_DefaultMode_from_RESET
 .text.CMU_enter_DefaultMode_from_RESET
                0x00000178       0x3c ./src/InitDevice.o
                0x00000178                CMU_enter_DefaultMode_from_RESET
 .text.USART1_enter_DefaultMode_from_RESET
                0x000001b4       0xb4 ./src/InitDevice.o
                0x000001b4                USART1_enter_DefaultMode_from_RESET
 .text.PORTIO_enter_DefaultMode_from_RESET
                0x00000268      0x160 ./src/InitDevice.o
                0x00000268                PORTIO_enter_DefaultMode_from_RESET
 .text.GPIO_PinOutClear
                0x000003c8       0x6c ./src/main.o
 .text.GPIO_PinOutSet
                0x00000434       0x6c ./src/main.o
 .text.CHIP_Init
                0x000004a0        0x8 ./src/main.o
 .text.main     0x000004a8       0x98 ./src/main.o
                0x000004a8                main
 .text.NVIC_EnableIRQ
                0x00000540       0x2c ./src/nrf24_rx.o
 .text.NVIC_ClearPendingIRQ
                0x0000056c       0x2c ./src/nrf24_rx.o
 .text.GPIO_IntClear
                0x00000598       0x1c ./src/nrf24_rx.o
 .text.GPIO_IntGet
                0x000005b4       0x18 ./src/nrf24_rx.o
 .text.GPIO_PinOutClear
                0x000005cc       0x6c ./src/nrf24_rx.o
 .text.GPIO_PinOutSet
                0x00000638       0x6c ./src/nrf24_rx.o
 .text.GPIO_IntConfig
                0x000006a4       0x3c ./src/nrf24_rx.o
 .text.NRF24rx_Init
                0x000006e0       0xa4 ./src/nrf24_rx.o
                0x000006e0                NRF24rx_Init
 .text.NRF24rx_IsDataReady
                0x00000784       0x24 ./src/nrf24_rx.o
                0x00000784                NRF24rx_IsDataReady
 .text.NRF24rx_CheckMsg
                0x000007a8       0x98 ./src/nrf24_rx.o
                0x000007a8                NRF24rx_CheckMsg
 .text.sNRF24rx_Flush
                0x00000840       0x28 ./src/nrf24_rx.o
 .text.sNRF24rx_ReadPayload
                0x00000868       0x68 ./src/nrf24_rx.o
 .text.sNRF24rx_WriteReg
                0x000008d0       0x54 ./src/nrf24_rx.o
 .text.GPIO_ODD_IRQHandler
                0x00000924       0x38 ./src/nrf24_rx.o
                0x00000924                GPIO_ODD_IRQHandler
 .text.BUS_RegBitWrite
                0x0000095c       0x3c ./emlib/src/em_cmu.o
 .text.BUS_RegBitRead
                0x00000998       0x20 ./emlib/src/em_cmu.o
 .text.SYSTEM_GetProdRev
                0x000009b8       0x18 ./emlib/src/em_cmu.o
 .text.auxClkGet
                0x000009d0       0xb0 ./emlib/src/em_cmu.o
 .text.dbgClkGet
                0x00000a80       0x48 ./emlib/src/em_cmu.o
 .text.flashWaitStateControl
                0x00000ac8       0x7c ./emlib/src/em_cmu.o
 .text.flashWaitStateMax
                0x00000b44       0x14 ./emlib/src/em_cmu.o
 .text.lfClkGet
                0x00000b58       0xe0 ./emlib/src/em_cmu.o
 .text.syncReg  0x00000c38       0x2c ./emlib/src/em_cmu.o
 .text.CMU_ClockEnable
                0x00000c64       0xa4 ./emlib/src/em_cmu.o
                0x00000c64                CMU_ClockEnable
 .text.CMU_ClockFreqGet
                0x00000d08      0x138 ./emlib/src/em_cmu.o
                0x00000d08                CMU_ClockFreqGet
 .text.CMU_ClockSelectGet
                0x00000e40      0x140 ./emlib/src/em_cmu.o
                0x00000e40                CMU_ClockSelectGet
 .text.CMU_ClockSelectSet
                0x00000f80      0x168 ./emlib/src/em_cmu.o
                0x00000f80                CMU_ClockSelectSet
 .text.CMU_OscillatorEnable
                0x000010e8       0xbc ./emlib/src/em_cmu.o
                0x000010e8                CMU_OscillatorEnable
 .text.EMU_UpdateOscConfig
                0x000011a4       0x18 ./emlib/src/em_emu.o
                0x000011a4                EMU_UpdateOscConfig
 .text.BUS_RegBitWrite
                0x000011bc       0x3c ./emlib/src/em_gpio.o
 .text.BUS_RegMaskedWrite
                0x000011f8       0x24 ./emlib/src/em_gpio.o
 .text.GPIO_ExtIntConfig
                0x0000121c      0x10c ./emlib/src/em_gpio.o
                0x0000121c                GPIO_ExtIntConfig
 .text.BUS_RegMaskedWrite
                0x00001328       0x24 ./emlib/src/em_usart.o
 .text.USART_BaudrateSyncSet
                0x0000134c       0x80 ./emlib/src/em_usart.o
                0x0000134c                USART_BaudrateSyncSet
 .text.USART_Enable
                0x000013cc       0x34 ./emlib/src/em_usart.o
                0x000013cc                USART_Enable
 .text.USART_InitSync
                0x00001400       0xac ./emlib/src/em_usart.o
                0x00001400                USART_InitSync
 .text.USART_InitPrsTrigger
                0x000014ac       0x5c ./emlib/src/em_usart.o
                0x000014ac                USART_InitPrsTrigger
 .text.USART_Reset
                0x00001508       0x70 ./emlib/src/em_usart.o
                0x00001508                USART_Reset
 .text.USART_SpiTransfer
                0x00001578       0x3c ./emlib/src/em_usart.o
                0x00001578                USART_SpiTransfer
 .text          0x000015b4       0x30 ./CMSIS/efm32zg/startup_gcc_efm32zg.o
                0x000015b4                Reset_Handler
                0x000015e0                HardFault_Handler
                0x000015e0                SysTick_Handler
                0x000015e0                USART1_RX_IRQHandler
                0x000015e0                PendSV_Handler
                0x000015e0                NMI_Handler
                0x000015e0                USART1_TX_IRQHandler
                0x000015e0                MSC_IRQHandler
                0x000015e0                ADC0_IRQHandler
                0x000015e0                LEUART0_IRQHandler
                0x000015e0                GPIO_EVEN_IRQHandler
                0x000015e0                RTC_IRQHandler
                0x000015e0                TIMER0_IRQHandler
                0x000015e0                I2C0_IRQHandler
                0x000015e0                TIMER1_IRQHandler
                0x000015e0                Default_Handler
                0x000015e0                PCNT0_IRQHandler
                0x000015e0                ACMP0_IRQHandler
                0x000015e0                SVC_Handler
                0x000015e0                CMU_IRQHandler
                0x000015e0                AES_IRQHandler
                0x000015e0                VCMP_IRQHandler
                0x000015e0                DMA_IRQHandler
 .text.SystemCoreClockGet
                0x000015e4       0x3c ./CMSIS/efm32zg/system_efm32zg.o
                0x000015e4                SystemCoreClockGet
 .text.SystemMaxCoreClockGet
                0x00001620       0x10 ./CMSIS/efm32zg/system_efm32zg.o
                0x00001620                SystemMaxCoreClockGet
 .text.SystemHFClockGet
                0x00001630       0xcc ./CMSIS/efm32zg/system_efm32zg.o
                0x00001630                SystemHFClockGet
 .text.SystemInit
                0x000016fc        0x8 ./CMSIS/efm32zg/system_efm32zg.o
                0x000016fc                SystemInit
 .text.SystemLFRCOClockGet
                0x00001704       0x10 ./CMSIS/efm32zg/system_efm32zg.o
                0x00001704                SystemLFRCOClockGet
 .text.SystemULFRCOClockGet
                0x00001714       0x10 ./CMSIS/efm32zg/system_efm32zg.o
                0x00001714                SystemULFRCOClockGet
 .text.SystemLFXOClockGet
                0x00001724       0x14 ./CMSIS/efm32zg/system_efm32zg.o
                0x00001724                SystemLFXOClockGet
 .text          0x00001738       0x9c c:/program files (x86)/gnu tools arm embedded/4.8 2013q4/bin/../lib/gcc/arm-none-eabi/4.8.3/armv6-m\libgcc.a(_udivsi3.o)
                0x00001738                __aeabi_uidiv
                0x00001738                __udivsi3
                0x000017c0                __aeabi_uidivmod
 .text          0x000017d4        0x4 c:/program files (x86)/gnu tools arm embedded/4.8 2013q4/bin/../lib/gcc/arm-none-eabi/4.8.3/armv6-m\libgcc.a(_dvmd_tls.o)
                0x000017d4                __aeabi_idiv0
                0x000017d4                __aeabi_ldiv0
 .text.exit     0x000017d8       0x2c c:/program files (x86)/gnu tools arm embedded/4.8 2013q4/bin/../lib/gcc/arm-none-eabi/4.8.3/../../../../arm-none-eabi/lib/armv6-m\libc_s.a(lib_a-exit.o)
                0x000017d8                exit
 .text.__libc_init_array
                0x00001804       0x4c c:/program files (x86)/gnu tools arm embedded/4.8 2013q4/bin/../lib/gcc/arm-none-eabi/4.8.3/../../../../arm-none-eabi/lib/armv6-m\libc_s.a(lib_a-init.o)
                0x00001804                __libc_init_array
 .text.memset   0x00001850       0x10 c:/program files (x86)/gnu tools arm embedded/4.8 2013q4/bin/../lib/gcc/arm-none-eabi/4.8.3/../../../../arm-none-eabi/lib/armv6-m\libc_s.a(lib_a-memset.o)
                0x00001850                memset
 .text._exit    0x00001860        0x4 c:/program files (x86)/gnu tools arm embedded/4.8 2013q4/bin/../lib/gcc/arm-none-eabi/4.8.3/../../../../arm-none-eabi/lib/armv6-m\libnosys.a(_exit.o)
                0x00001860                _exit
 *(.init)
 .init          0x00001864        0x4 c:/program files (x86)/gnu tools arm embedded/4.8 2013q4/bin/../lib/gcc/arm-none-eabi/4.8.3/armv6-m/crti.o
                0x00001864                _init
 .init          0x00001868        0x8 c:/program files (x86)/gnu tools arm embedded/4.8 2013q4/bin/../lib/gcc/arm-none-eabi/4.8.3/armv6-m/crtn.o
 *(.fini)
 .fini          0x00001870        0x4 c:/program files (x86)/gnu tools arm embedded/4.8 2013q4/bin/../lib/gcc/arm-none-eabi/4.8.3/armv6-m/crti.o
                0x00001870                _fini
 .fini          0x00001874        0x8 c:/program files (x86)/gnu tools arm embedded/4.8 2013q4/bin/../lib/gcc/arm-none-eabi/4.8.3/armv6-m/crtn.o
 *crtbegin.o(.ctors)
 *crtbegin?.o(.ctors)
 *(EXCLUDE_FILE(*crtend.o *crtend?.o) .ctors)
 *(SORT(.ctors.*))
 *(.ctors)
 *crtbegin.o(.dtors)
 *crtbegin?.o(.dtors)
 *(EXCLUDE_FILE(*crtend.o *crtend?.o) .dtors)
 *(SORT(.dtors.*))
 *(.dtors)
 *(.rodata*)
 .rodata        0x0000187c       0x18 ./src/InitDevice.o
 .rodata.CMU_ClockEnable
                0x00001894       0x2c ./emlib/src/em_cmu.o
 .rodata.CMU_ClockSelectSet
                0x000018c0       0x50 ./emlib/src/em_cmu.o
 .rodata.CMU_OscillatorEnable
                0x00001910       0x14 ./emlib/src/em_cmu.o
 .rodata.str1.1
                0x00001924        0x2 c:/program files (x86)/gnu tools arm embedded/4.8 2013q4/bin/../lib/gcc/arm-none-eabi/4.8.3/../../../../arm-none-eabi/lib/armv6-m\libc_s.a(lib_a-impure.o)
 *fill*         0x00001926        0x2 
 .rodata._global_impure_ptr
                0x00001928        0x4 c:/program files (x86)/gnu tools arm embedded/4.8 2013q4/bin/../lib/gcc/arm-none-eabi/4.8.3/../../../../arm-none-eabi/lib/armv6-m\libc_s.a(lib_a-impure.o)
                0x00001928                _global_impure_ptr
 *(.eh_frame*)
 .eh_frame      0x0000192c        0x0 c:/program files (x86)/gnu tools arm embedded/4.8 2013q4/bin/../lib/gcc/arm-none-eabi/4.8.3/armv6-m/crtbegin.o
 .eh_frame      0x0000192c        0x4 c:/program files (x86)/gnu tools arm embedded/4.8 2013q4/bin/../lib/gcc/arm-none-eabi/4.8.3/armv6-m/crtend.o

.glue_7         0x00001930        0x0
 .glue_7        0x00000000        0x0 linker stubs

.glue_7t        0x00001930        0x0
 .glue_7t       0x00000000        0x0 linker stubs

.vfp11_veneer   0x00001930        0x0
 .vfp11_veneer  0x00000000        0x0 linker stubs

.v4_bx          0x00001930        0x0
 .v4_bx         0x00000000        0x0 linker stubs

.iplt           0x00001930        0x0
 .iplt          0x00000000        0x0 c:/program files (x86)/gnu tools arm embedded/4.8 2013q4/bin/../lib/gcc/arm-none-eabi/4.8.3/armv6-m/crtbegin.o

.ARM.extab
 *(.ARM.extab* .gnu.linkonce.armextab.*)
                0x00001930                __exidx_start = .

.ARM.exidx      0x00001930        0x8
 *(.ARM.exidx* .gnu.linkonce.armexidx.*)
 .ARM.exidx     0x00001930        0x8 c:/program files (x86)/gnu tools arm embedded/4.8 2013q4/bin/../lib/gcc/arm-none-eabi/4.8.3/../../../../arm-none-eabi/lib/armv6-m/crt0.o
                0x00001938                __exidx_end = .
                0x00001938                __etext = .

.rel.dyn        0x00001938        0x0
 .rel.iplt      0x00000000        0x0 c:/program files (x86)/gnu tools arm embedded/4.8 2013q4/bin/../lib/gcc/arm-none-eabi/4.8.3/armv6-m/crtbegin.o

.data           0x20000000       0x8c load address 0x00001938
                0x20000000                __data_start__ = .
 *(vtable)
 *(.data*)
 .data.NRF_OpenPacket
                0x20000000        0xc ./src/nrf24_rx.o
 .data.NRF_ClosePacket
                0x2000000c        0xc ./src/nrf24_rx.o
 .data.SystemHFXOClock
                0x20000018        0x4 ./CMSIS/efm32zg/system_efm32zg.o
 .data.SystemLFXOClock
                0x2000001c        0x4 ./CMSIS/efm32zg/system_efm32zg.o
 .data.impure_data
                0x20000020       0x60 c:/program files (x86)/gnu tools arm embedded/4.8 2013q4/bin/../lib/gcc/arm-none-eabi/4.8.3/../../../../arm-none-eabi/lib/armv6-m\libc_s.a(lib_a-impure.o)
                0x20000080                . = ALIGN (0x4)
 *(.ram)
                0x20000080                . = ALIGN (0x4)
                0x20000080                PROVIDE (__preinit_array_start, .)
 *(.preinit_array)
                0x20000080                PROVIDE (__preinit_array_end, .)
                0x20000080                . = ALIGN (0x4)
                0x20000080                PROVIDE (__init_array_start, .)
 *(SORT(.init_array.*))
 *(.init_array)
 .init_array    0x20000080        0x4 c:/program files (x86)/gnu tools arm embedded/4.8 2013q4/bin/../lib/gcc/arm-none-eabi/4.8.3/armv6-m/crtbegin.o
                0x20000084                PROVIDE (__init_array_end, .)
                0x20000084                . = ALIGN (0x4)
                0x20000084                PROVIDE (__fini_array_start, .)
 *(SORT(.fini_array.*))
 *(.fini_array)
 .fini_array    0x20000084        0x4 c:/program files (x86)/gnu tools arm embedded/4.8 2013q4/bin/../lib/gcc/arm-none-eabi/4.8.3/armv6-m/crtbegin.o
                0x20000088                PROVIDE (__fini_array_end, .)
 *(.jcr*)
 .jcr           0x20000088        0x0 c:/program files (x86)/gnu tools arm embedded/4.8 2013q4/bin/../lib/gcc/arm-none-eabi/4.8.3/armv6-m/crtbegin.o
 .jcr           0x20000088        0x4 c:/program files (x86)/gnu tools arm embedded/4.8 2013q4/bin/../lib/gcc/arm-none-eabi/4.8.3/armv6-m/crtend.o
                0x2000008c                . = ALIGN (0x4)
                0x2000008c                __data_end__ = .

.igot.plt       0x2000008c        0x0 load address 0x000019c4
 .igot.plt      0x00000000        0x0 c:/program files (x86)/gnu tools arm embedded/4.8 2013q4/bin/../lib/gcc/arm-none-eabi/4.8.3/armv6-m/crtbegin.o

.bss            0x2000008c       0x3c load address 0x000019c4
                0x2000008c                . = ALIGN (0x4)
                0x2000008c                __bss_start__ = .
 *(.bss*)
 .bss           0x2000008c       0x1c c:/program files (x86)/gnu tools arm embedded/4.8 2013q4/bin/../lib/gcc/arm-none-eabi/4.8.3/armv6-m/crtbegin.o
 .bss.i.7523    0x200000a8        0x4 ./src/main.o
 .bss.rx_flag   0x200000ac        0x1 ./src/nrf24_rx.o
 *fill*         0x200000ad        0x3 
 .bss.msg       0x200000b0        0xc ./src/nrf24_rx.o
 .bss.cmuStatus
                0x200000bc        0x4 ./emlib/src/em_emu.o
 *(COMMON)
 COMMON         0x200000c0        0x1 ./src/main.o
                0x200000c0                Msg
 *fill*         0x200000c1        0x3 
 COMMON         0x200000c4        0x4 ./CMSIS/efm32zg/system_efm32zg.o
                0x200000c4                SystemCoreClock
                0x200000c8                . = ALIGN (0x4)
                0x200000c8                __bss_end__ = .

.heap           0x200000c8        0x0
                0x200000c8                __HeapBase = .
                0x200000c8                __end__ = .
                0x200000c8                end = __end__
                0x200000c8                _end = __end__
 *(.heap*)
 .heap          0x200000c8        0x0 ./CMSIS/efm32zg/startup_gcc_efm32zg.o
                0x200000c8                __HeapLimit = .

.stack_dummy    0x200000c8      0x400
 *(.stack*)
 .stack         0x200000c8      0x400 ./CMSIS/efm32zg/startup_gcc_efm32zg.o
                0x20001000                __StackTop = (ORIGIN (RAM) + 0x1000)
                0x20000c00                __StackLimit = (__StackTop - SIZEOF (.stack_dummy))
                0x20001000                PROVIDE (__stack, __StackTop)
                0x00000001                ASSERT ((__StackLimit >= __HeapLimit), region RAM overflowed with stack)
                0x00000001                ASSERT ((0x8000 >= (__etext + SIZEOF (.data))), FLASH memory overflowed !)
OUTPUT(peugeot_auto.axf elf32-littlearm)

.ARM.attributes
                0x00000000       0x28
 .ARM.attributes
                0x00000000       0x1e c:/program files (x86)/gnu tools arm embedded/4.8 2013q4/bin/../lib/gcc/arm-none-eabi/4.8.3/armv6-m/crti.o
 .ARM.attributes
                0x0000001e       0x2c c:/program files (x86)/gnu tools arm embedded/4.8 2013q4/bin/../lib/gcc/arm-none-eabi/4.8.3/armv6-m/crtbegin.o
 .ARM.attributes
                0x0000004a       0x1b c:/program files (x86)/gnu tools arm embedded/4.8 2013q4/bin/../lib/gcc/arm-none-eabi/4.8.3/../../../../arm-none-eabi/lib/armv6-m/crt0.o
 .ARM.attributes
                0x00000065       0x32 ./src/InitDevice.o
 .ARM.attributes
                0x00000097       0x32 ./src/main.o
 .ARM.attributes
                0x000000c9       0x32 ./src/nrf24_rx.o
 .ARM.attributes
                0x000000fb       0x32 ./emlib/src/em_cmu.o
 .ARM.attributes
                0x0000012d       0x32 ./emlib/src/em_emu.o
 .ARM.attributes
                0x0000015f       0x32 ./emlib/src/em_gpio.o
 .ARM.attributes
                0x00000191       0x32 ./emlib/src/em_usart.o
 .ARM.attributes
                0x000001c3       0x1b ./CMSIS/efm32zg/startup_gcc_efm32zg.o
 .ARM.attributes
                0x000001de       0x32 ./CMSIS/efm32zg/system_efm32zg.o
 .ARM.attributes
                0x00000210       0x1e c:/program files (x86)/gnu tools arm embedded/4.8 2013q4/bin/../lib/gcc/arm-none-eabi/4.8.3/armv6-m\libgcc.a(_udivsi3.o)
 .ARM.attributes
                0x0000022e       0x1e c:/program files (x86)/gnu tools arm embedded/4.8 2013q4/bin/../lib/gcc/arm-none-eabi/4.8.3/armv6-m\libgcc.a(_dvmd_tls.o)
 .ARM.attributes
                0x0000024c       0x2c c:/program files (x86)/gnu tools arm embedded/4.8 2013q4/bin/../lib/gcc/arm-none-eabi/4.8.3/../../../../arm-none-eabi/lib/armv6-m\libc_s.a(lib_a-exit.o)
 .ARM.attributes
                0x00000278       0x2c c:/program files (x86)/gnu tools arm embedded/4.8 2013q4/bin/../lib/gcc/arm-none-eabi/4.8.3/../../../../arm-none-eabi/lib/armv6-m\libc_s.a(lib_a-impure.o)
 .ARM.attributes
                0x000002a4       0x2c c:/program files (x86)/gnu tools arm embedded/4.8 2013q4/bin/../lib/gcc/arm-none-eabi/4.8.3/../../../../arm-none-eabi/lib/armv6-m\libc_s.a(lib_a-init.o)
 .ARM.attributes
                0x000002d0       0x2c c:/program files (x86)/gnu tools arm embedded/4.8 2013q4/bin/../lib/gcc/arm-none-eabi/4.8.3/../../../../arm-none-eabi/lib/armv6-m\libc_s.a(lib_a-memset.o)
 .ARM.attributes
                0x000002fc       0x2c c:/program files (x86)/gnu tools arm embedded/4.8 2013q4/bin/../lib/gcc/arm-none-eabi/4.8.3/../../../../arm-none-eabi/lib/armv6-m\libnosys.a(_exit.o)
 .ARM.attributes
                0x00000328       0x2c c:/program files (x86)/gnu tools arm embedded/4.8 2013q4/bin/../lib/gcc/arm-none-eabi/4.8.3/armv6-m/crtend.o
 .ARM.attributes
                0x00000354       0x1e c:/program files (x86)/gnu tools arm embedded/4.8 2013q4/bin/../lib/gcc/arm-none-eabi/4.8.3/armv6-m/crtn.o

.comment        0x00000000       0x70
 .comment       0x00000000       0x70 ./src/InitDevice.o
                                 0x71 (size before relaxing)
 .comment       0x00000000       0x71 ./src/main.o
 .comment       0x00000000       0x71 ./src/nrf24_rx.o
 .comment       0x00000000       0x71 ./emlib/src/em_cmu.o
 .comment       0x00000000       0x71 ./emlib/src/em_emu.o
 .comment       0x00000000       0x71 ./emlib/src/em_gpio.o
 .comment       0x00000000       0x71 ./emlib/src/em_usart.o
 .comment       0x00000000       0x71 ./CMSIS/efm32zg/system_efm32zg.o

.debug_info     0x00000000     0x44c9
 .debug_info    0x00000000      0x8b1 ./src/InitDevice.o
 .debug_info    0x000008b1      0x3a0 ./src/main.o
 .debug_info    0x00000c51      0x93d ./src/nrf24_rx.o
 .debug_info    0x0000158e     0x109a ./emlib/src/em_cmu.o
 .debug_info    0x00002628      0x5c7 ./emlib/src/em_emu.o
 .debug_info    0x00002bef      0x642 ./emlib/src/em_gpio.o
 .debug_info    0x00003231      0xdd2 ./emlib/src/em_usart.o
 .debug_info    0x00004003       0x9b ./CMSIS/efm32zg/startup_gcc_efm32zg.o
 .debug_info    0x0000409e      0x42b ./CMSIS/efm32zg/system_efm32zg.o

.debug_abbrev   0x00000000      0xe4f
 .debug_abbrev  0x00000000      0x14e ./src/InitDevice.o
 .debug_abbrev  0x0000014e      0x13c ./src/main.o
 .debug_abbrev  0x0000028a      0x242 ./src/nrf24_rx.o
 .debug_abbrev  0x000004cc      0x2c0 ./emlib/src/em_cmu.o
 .debug_abbrev  0x0000078c      0x1af ./emlib/src/em_emu.o
 .debug_abbrev  0x0000093b      0x1c7 ./emlib/src/em_gpio.o
 .debug_abbrev  0x00000b02      0x1d9 ./emlib/src/em_usart.o
 .debug_abbrev  0x00000cdb       0x14 ./CMSIS/efm32zg/startup_gcc_efm32zg.o
 .debug_abbrev  0x00000cef      0x160 ./CMSIS/efm32zg/system_efm32zg.o

.debug_loc      0x00000000     0x19ea
 .debug_loc     0x00000000      0x324 ./src/InitDevice.o
 .debug_loc     0x00000324       0xc8 ./src/main.o
 .debug_loc     0x000003ec      0x324 ./src/nrf24_rx.o
 .debug_loc     0x00000710      0x7c4 ./emlib/src/em_cmu.o
 .debug_loc     0x00000ed4      0x22c ./emlib/src/em_emu.o
 .debug_loc     0x00001100      0x268 ./emlib/src/em_gpio.o
 .debug_loc     0x00001368      0x49a ./emlib/src/em_usart.o
 .debug_loc     0x00001802      0x1e8 ./CMSIS/efm32zg/system_efm32zg.o

.debug_aranges  0x00000000      0x4d8
 .debug_aranges
                0x00000000       0xa8 ./src/InitDevice.o
 .debug_aranges
                0x000000a8       0x38 ./src/main.o
 .debug_aranges
                0x000000e0       0x90 ./src/nrf24_rx.o
 .debug_aranges
                0x00000170      0x140 ./emlib/src/em_cmu.o
 .debug_aranges
                0x000002b0       0x70 ./emlib/src/em_emu.o
 .debug_aranges
                0x00000320       0x70 ./emlib/src/em_gpio.o
 .debug_aranges
                0x00000390       0xc0 ./emlib/src/em_usart.o
 .debug_aranges
                0x00000450       0x20 ./CMSIS/efm32zg/startup_gcc_efm32zg.o
 .debug_aranges
                0x00000470       0x68 ./CMSIS/efm32zg/system_efm32zg.o

.debug_ranges   0x00000000      0x438
 .debug_ranges  0x00000000       0x98 ./src/InitDevice.o
 .debug_ranges  0x00000098       0x28 ./src/main.o
 .debug_ranges  0x000000c0       0x80 ./src/nrf24_rx.o
 .debug_ranges  0x00000140      0x130 ./emlib/src/em_cmu.o
 .debug_ranges  0x00000270       0x60 ./emlib/src/em_emu.o
 .debug_ranges  0x000002d0       0x60 ./emlib/src/em_gpio.o
 .debug_ranges  0x00000330       0xb0 ./emlib/src/em_usart.o
 .debug_ranges  0x000003e0       0x58 ./CMSIS/efm32zg/system_efm32zg.o

.debug_line     0x00000000     0x1c3f
 .debug_line    0x00000000      0x2e6 ./src/InitDevice.o
 .debug_line    0x000002e6      0x223 ./src/main.o
 .debug_line    0x00000509      0x3ac ./src/nrf24_rx.o
 .debug_line    0x000008b5      0x718 ./emlib/src/em_cmu.o
 .debug_line    0x00000fcd      0x32a ./emlib/src/em_emu.o
 .debug_line    0x000012f7      0x2c5 ./emlib/src/em_gpio.o
 .debug_line    0x000015bc      0x450 ./emlib/src/em_usart.o
 .debug_line    0x00001a0c       0x74 ./CMSIS/efm32zg/startup_gcc_efm32zg.o
 .debug_line    0x00001a80      0x1bf ./CMSIS/efm32zg/system_efm32zg.o

.debug_str      0x00000000     0x1efc
 .debug_str     0x00000000      0xa36 ./src/InitDevice.o
                                0xaa4 (size before relaxing)
 .debug_str     0x00000a36       0xa5 ./src/main.o
                                0x332 (size before relaxing)
 .debug_str     0x00000adb      0x2b4 ./src/nrf24_rx.o
                                0x675 (size before relaxing)
 .debug_str     0x00000d8f      0x789 ./emlib/src/em_cmu.o
                                0xbd0 (size before relaxing)
 .debug_str     0x00001518      0x155 ./emlib/src/em_emu.o
                                0x444 (size before relaxing)
 .debug_str     0x0000166d      0x29d ./emlib/src/em_gpio.o
                                0x5ed (size before relaxing)
 .debug_str     0x0000190a      0x4e6 ./emlib/src/em_usart.o
                                0xbe7 (size before relaxing)
 .debug_str     0x00001df0      0x10c ./CMSIS/efm32zg/system_efm32zg.o
                                0x3fa (size before relaxing)

.debug_frame    0x00000000     0x107c
 .debug_frame   0x00000000      0x20c ./src/InitDevice.o
 .debug_frame   0x0000020c       0x88 ./src/main.o
 .debug_frame   0x00000294      0x1e4 ./src/nrf24_rx.o
 .debug_frame   0x00000478      0x494 ./emlib/src/em_cmu.o
 .debug_frame   0x0000090c      0x15c ./emlib/src/em_emu.o
 .debug_frame   0x00000a68      0x174 ./emlib/src/em_gpio.o
 .debug_frame   0x00000bdc      0x2b4 ./emlib/src/em_usart.o
 .debug_frame   0x00000e90      0x138 ./CMSIS/efm32zg/system_efm32zg.o
 .debug_frame   0x00000fc8       0x20 c:/program files (x86)/gnu tools arm embedded/4.8 2013q4/bin/../lib/gcc/arm-none-eabi/4.8.3/armv6-m\libgcc.a(_udivsi3.o)
 .debug_frame   0x00000fe8       0x28 c:/program files (x86)/gnu tools arm embedded/4.8 2013q4/bin/../lib/gcc/arm-none-eabi/4.8.3/../../../../arm-none-eabi/lib/armv6-m\libc_s.a(lib_a-exit.o)
 .debug_frame   0x00001010       0x2c c:/program files (x86)/gnu tools arm embedded/4.8 2013q4/bin/../lib/gcc/arm-none-eabi/4.8.3/../../../../arm-none-eabi/lib/armv6-m\libc_s.a(lib_a-init.o)
 .debug_frame   0x0000103c       0x20 c:/program files (x86)/gnu tools arm embedded/4.8 2013q4/bin/../lib/gcc/arm-none-eabi/4.8.3/../../../../arm-none-eabi/lib/armv6-m\libc_s.a(lib_a-memset.o)
 .debug_frame   0x0000105c       0x20 c:/program files (x86)/gnu tools arm embedded/4.8 2013q4/bin/../lib/gcc/arm-none-eabi/4.8.3/../../../../arm-none-eabi/lib/armv6-m\libnosys.a(_exit.o)
